******************************************************************************
                  TI ARM Linker PC v20.2.5                     
******************************************************************************
>> Linked Mon Jul 26 11:34:17 2021

OUTPUT FILE NAME:   <BME280_Local_CC26X2R1_LAUNCHXL_tirtos_ccs.out>
ENTRY POINT SYMBOL: "ResetISR"  address: 00005b89


MEMORY CONFIGURATION

         name            origin    length      used     unused   attr    fill
----------------------  --------  ---------  --------  --------  ----  --------
  FLASH                 00000000   00058000  00009391  0004ec6f  R  X
  GPRAM                 11000000   00002000  00000000  00002000  RW X
  SRAM                  20000000   00014000  00006565  0000da9b  RW X
  LOG_DATA              90000000   00040000  00000000  00040000  R   


SEGMENT ALLOCATION MAP

run origin  load origin   length   init length attrs members
----------  ----------- ---------- ----------- ----- -------
00000000    00000000    00009340   00009340    r-x
  00000000    00000000    0000003c   0000003c    r-- .resetVecs
  0000003c    0000003c    00008812   00008812    r-x .text
  00008850    00008850    000008e3   000008e3    r-- .const
  00009138    00009138    00000208   00000208    r-- .cinit
00057fa8    00057fa8    00000058   00000058    r--
  00057fa8    00057fa8    00000058   00000058    r-- .ccfg
200000d8    200000d8    00004000   00000000    r--
  200000d8    200000d8    00004000   00000000    r-- .priheap
20004100    20004100    00002093   00000000    rw-
  20004100    20004100    00001a0a   00000000    rw- .bss
  20005b10    20005b10    00000683   00000000    rw- .data
20013c00    20013c00    00000400   00000000    rw-
  20013c00    20013c00    00000400   00000000    rw- .stack


SECTION ALLOCATION MAP

 output                                  attributes/
section   page    origin      length       input sections
--------  ----  ----------  ----------   ----------------
.binit     0    00000000    00000000     

.cinit     0    00009138    00000208     
                  00009138    000001df     (.cinit..data.load) [load image, compression = lzss]
                  00009317    00000001     --HOLE-- [fill = 0]
                  00009318    0000000c     (__TI_handler_table)
                  00009324    00000004     --HOLE-- [fill = 0]
                  00009328    00000008     (.cinit..bss.load) [load image, compression = zero_init]
                  00009330    00000010     (__TI_cinit_table)

.init_array 
*          0    00000000    00000000     UNINITIALIZED

.ccfg      0    00057fa8    00000058     
                  00057fa8    00000058     ti_devices_config.obj (.ccfg:retain)

.bss       0    20004100    00001a0a     UNINITIALIZED
                  20004100    00000400     ti_drivers_config.obj (.bss:displayUARTBuffer)
                  20004500    00000400     (.common:ti_uia_loggers_LoggerStopMode_Instance_State_1_packetArray__A)
                  20004900    00000400     (.common:ti_uia_loggers_LoggerStopMode_Instance_State_2_packetArray__A)
                  20004d00    00000200     BME280_pem4f.oem4f (.bss:taskStackSection)
                  20004f00    00000200     (.common:ti_uia_loggers_LoggerStopMode_Instance_State_0_packetArray__A)
                  20005100    00000200     (.common:xdc_runtime_SysMin_Module_State_0_outbuf__A)
                  20005300    000001bc     (.common:uartCC26XXObjects)
                  200054bc    0000014c     (.common:i2cCC26xxObjects)
                  20005608    00000120     rtsv7M4_T_le_v4SPD16_eabi.lib : trgmsg.c.obj (.bss:_CIOBUF_)
                  20005728    000000d8     (.common:ti_sysbios_family_arm_m3_Hwi_dispatchTable)
                  20005800    0000007c     (.common:pinHandleTable)
                  2000587c    00000050     drivers_cc26x2.a : PINCC26XX.oem4f (.bss:pinSemaphore)
                  200058cc    0000003c                      : PINCC26XX.oem4f (.bss:pinSwi)
                  20005908    0000003c     (.common:taskParams)
                  20005944    00000034     (.common:mbParams)
                  20005978    00000008                      : GPIOCC26XX.oem4f (.bss)
                  20005980    00000030     (.common:ti_uia_loggers_LoggerStopMode_Instance_State_0_hdr__A)
                  200059b0    00000024     (.common:clkTriggerStruct)
                  200059d4    00000020                      : GPIOCC26XX.oem4f (.bss:gpioCallbackInfo)
                  200059f4    0000000c                      : GPIOCC26XX.oem4f (.bss:gpioPinState)
                  20005a00    00000030     (.common:ti_uia_loggers_LoggerStopMode_Instance_State_1_hdr__A)
                  20005a30    00000020                      : PINCC26XX.oem4f (.bss:pinGpioConfigTable)
                  20005a50    00000020     ti_drivers_config.obj (.bss:uartCC26XXRingBuffer0)
                  20005a70    0000000c     (.common:displayUartObject)
                  20005a7c    00000004     drivers_cc26x2.a : PINCC26XX.oem4f (.bss)
                  20005a80    00000030     (.common:ti_uia_loggers_LoggerStopMode_Instance_State_2_hdr__A)
                  20005ab0    0000001c                      : PINCC26XX.oem4f (.bss:pinHwi)
                  20005acc    00000018     (.common:calibData)
                  20005ae4    00000008     (.common:parmbuf)
                  20005aec    00000004     (.common:PowerCC26XX_swiKey)
                  20005af0    00000004     (.common:PowerCC26XX_taskKey)
                  20005af4    00000004     (.common:data_mb)
                  20005af8    00000004     (.common:semTrigger)
                  20005afc    00000004     (.common:taskReadData)
                  20005b00    00000004     (.common:taskprint)
                  20005b04    00000004     (.common:ti_sysbios_knl_Task_Instance_State_0_hookEnv__A)
                  20005b08    00000001     (.common:disparams)
                  20005b09    00000001     (.common:driverlib_release_0_60278)

.data      0    20005b10    00000683     UNINITIALIZED
                  20005b10    00000170     drivers_cc26x2.a : PowerCC26X2.oem4f (.data:PowerCC26X2_module)
                  20005c80    0000009c     BME280_pem4f.oem4f (.data:ti_uia_loggers_LoggerStopMode_Object__table__V)
                  20005d1c    00000098     BME280_pem4f.oem4f (.data:ti_sysbios_utils_Load_Module__state__V)
                  20005db4    00000050     BME280_pem4f.oem4f (.data:ti_sysbios_knl_Task_Object__table__V)
                  20005e04    00000004     main.obj (.data:configData)
                  20005e08    00000048     BME280_pem4f.oem4f (.data:ti_sysbios_family_arm_cc26xx_Timer_Object__table__V)
                  20005e50    00000044     BME280_pem4f.oem4f (.data:ti_sysbios_knl_Task_Module__state__V)
                  20005e94    00000038     BME280_pem4f.oem4f (.data:ti_sysbios_gates_GateMutex_Object__table__V)
                  20005ecc    00000034     BME280_pem4f.oem4f (.data:ti_sysbios_family_arm_m3_Hwi_Module__state__V)
                  20005f00    00000030     BME280_pem4f.oem4f (.data:ti_sysbios_knl_Swi_Module_State_0_readyQ__A)
                  20005f30    00000030     BME280_pem4f.oem4f (.data:ti_sysbios_knl_Swi_Object__table__V)
                  20005f60    0000002c     BME280_pem4f.oem4f (.data:ti_sysbios_knl_Clock_Module__state__V)
                  20005f8c    00000024     driverlib.lib : osc.obj (.data:$O1$$)
                  20005fb0    00000024     BME280_pem4f.oem4f (.data:ti_sysbios_BIOS_Module__state__V)
                  20005fd4    00000020     BME280_pem4f.oem4f (.data:ti_sysbios_knl_Clock_Object__table__V)
                  20005ff4    00000020     BME280_pem4f.oem4f (.data:ti_sysbios_knl_Task_Module_State_0_readyQ__A)
                  20006014    00000020     BME280_pem4f.oem4f (.data:xdc_runtime_Error_IgnoreBlock)
                  20006034    0000001c     BME280_pem4f.oem4f (.data:ti_sysbios_knl_Swi_Module__state__V)
                  20006050    0000001c     BME280_pem4f.oem4f (.data:ti_sysbios_utils_Load_Module_State_0_taskEnv__A)
                  2000606c    00000018     BME280_pem4f.oem4f (.data:ti_sysbios_family_arm_m3_Hwi_Object__table__V)
                  20006084    00000018     BME280_pem4f.oem4f (.data:ti_sysbios_heaps_HeapMem_Object__table__V)
                  2000609c    0000000c     BME280_pem4f.oem4f (.data:ti_sysbios_knl_Task_Module__root__V)
                  200060a8    0000000c     BME280_pem4f.oem4f (.data:ti_uia_runtime_QueueDescriptor_Module__state__V)
                  200060b4    0000000c     BME280_pem4f.oem4f (.data:xdc_runtime_SysMin_Module__state__V)
                  200060c0    00000008     rtsv7M4_T_le_v4SPD16_eabi.lib : _lock.c.obj (.data:$O1$$)
                  200060c8    00000008     drivers_cc26x2.a : PINCC26XX.oem4f (.data)
                  200060d0    00000008     ti_drivers_config.obj (.data:gpioCallbackFunctions)
                  200060d8    00000008     ti_drivers_config.obj (.data:gpioPinConfigs)
                  200060e0    00000008     ti.uia.runtime.aem4f : QueueDescriptor.oem4f (.data)
                  200060e8    00000008     BME280_pem4f.oem4f (.data:ti_sysbios_family_arm_cc26xx_Timer_Module__state__V)
                  200060f0    00000008     BME280_pem4f.oem4f (.data:ti_sysbios_family_arm_m3_Hwi_Module__root__V)
                  200060f8    00000008     BME280_pem4f.oem4f (.data:ti_sysbios_gates_GateHwi_Module__root__V)
                  20006100    00000008     BME280_pem4f.oem4f (.data:ti_sysbios_gates_GateMutex_Module__root__V)
                  20006108    00000008     BME280_pem4f.oem4f (.data:ti_sysbios_heaps_HeapMem_Module__root__V)
                  20006110    00000008     BME280_pem4f.oem4f (.data:ti_sysbios_knl_Clock_Module__root__V)
                  20006118    00000008     BME280_pem4f.oem4f (.data:ti_sysbios_knl_Mailbox_Module__root__V)
                  20006120    00000008     BME280_pem4f.oem4f (.data:ti_sysbios_knl_Queue_Module__root__V)
                  20006128    00000008     BME280_pem4f.oem4f (.data:ti_sysbios_knl_Semaphore_Module__root__V)
                  20006130    00000008     BME280_pem4f.oem4f (.data:ti_sysbios_knl_Swi_Module__root__V)
                  20006138    00000008     BME280_pem4f.oem4f (.data:ti_uia_loggers_LoggerStopMode_Module__root__V)
                  20006140    00000008     BME280_pem4f.oem4f (.data:xdc_runtime_Registry_Module__state__V)
                  20006148    00000008     BME280_pem4f.oem4f (.data:xdc_runtime_Startup_Module__state__V)
                  20006150    00000008     BME280_pem4f.oem4f (.data:xdc_runtime_System_Module_State_0_atexitHandlers__A)
                  20006158    00000008     BME280_pem4f.oem4f (.data:xdc_runtime_System_Module__state__V)
                  20006160    00000005     drivers_cc26x2.a : GPIOCC26XX.oem4f (.data)
                  20006165    00000001     main.obj (.data:calibAdd_DIGH1)
                  20006166    00000002     BME280_pem4f.oem4f (.data:ti_sysbios_family_arm_m3_Hwi_Module_State_0_excActive__A)
                  20006168    00000004     drivers_cc26x2.a : GPIOCC26XX.oem4f (.data:gpioPinTable)
                  2000616c    00000004     rtsv7M4_T_le_v4SPD16_eabi.lib : stkdepth_vars.c.obj (.data)
                  20006170    00000004     BME280_pem4f.oem4f (.data:ti_sysbios_family_arm_cc26xx_TimestampProvider_Module__state__V)
                  20006174    00000004     BME280_pem4f.oem4f (.data:ti_sysbios_family_arm_m3_Hwi_Module_State_0_excContext__A)
                  20006178    00000004     BME280_pem4f.oem4f (.data:ti_sysbios_family_arm_m3_Hwi_Module_State_0_excStack__A)
                  2000617c    00000004     BME280_pem4f.oem4f (.data:ti_sysbios_gates_GateHwi_Object__table__V)
                  20006180    00000004     BME280_pem4f.oem4f (.data:ti_sysbios_knl_Task_Module_State_0_idleTask__A)
                  20006184    00000004     BME280_pem4f.oem4f (.data:ti_sysbios_utils_Load_Module_State_0_runningTask__A)
                  20006188    00000004     BME280_pem4f.oem4f (.data:ti_sysbios_utils_Load_Module_State_0_taskStartTime__A)
                  2000618c    00000004     BME280_pem4f.oem4f (.data:xdc_runtime_Memory_Module__state__V)
                  20006190    00000001     main.obj (.data:calibAdd_H)
                  20006191    00000001     main.obj (.data:calibAdd_T_P)
                  20006192    00000001     drivers_cc26x2.a : UART.oem4f (.data)

.stack     0    20013c00    00000400     UNINITIALIZED
                  20013c00    00000400     --HOLE--

.priheap   0    200000d8    00004000     UNINITIALIZED
                  200000d8    00004000     --HOLE--

.log_data 
*          0    90000000    00000000     COPY SECTION

.bootVecs 
*          0    00000000    00000008     DSECT
                  00000000    00000008     boot.aem4f : boot.oem4f (.bootVecs)

.resetVecs 
*          0    00000000    0000003c     
                  00000000    0000003c     BME280_pem4f.oem4f (.resetVecs)

.vecs      0    20000000    000000d8     NOLOAD SECTION
                  20000000    000000d8     BME280_pem4f.oem4f (.vecs)

xdc.meta   0    00000000    0000010a     COPY SECTION
                  00000000    0000010a     BME280_pem4f.oem4f (xdc.meta)

xdc.noload 
*          0    00000000    00000000     COPY SECTION

__llvm_prf_cnts 
*          0    20000000    00000000     UNINITIALIZED

.text      0    0000003c    00008812     
                  0000003c    00000324     sysbios.aem4f : BIOS.obj (.text:xdc_runtime_System_doPrint__I)
                  00000360    000002ac     bme280.obj (.text:compensate_pressure)
                  0000060c    000001f4     drivers_cc26x2.a : PINCC26XX.oem4f (.text:PIN_init)
                  00000800    000001b8     main.obj (.text:taskGetDataFxn)
                  000009b8    00000198     drivers_cc26x2.a : PowerCC26X2.oem4f (.text:Power_sleep)
                  00000b50    00000190                      : PowerCC26X2_calibrateRCOSC.oem4f (.text:calibrateRcoscHf1)
                  00000ce0    0000018c                      : PowerCC26X2_calibrateRCOSC.oem4f (.text:runCalibrateFsm)
                  00000e6c    00000174                      : PowerCC26X2.oem4f (.text:Power_init)
                  00000fe0    00000164                      : UARTCC26XX.oem4f (.text:UARTCC26XX_open)
                  00001144    00000154                      : UARTCC26XX.oem4f (.text:UARTCC26XX_hwiIntFxn)
                  00001298    0000014c     main.obj (.text:main)
                  000013e4    0000013e     BME280_pem4f.oem4f (.text:ti_uia_loggers_LoggerStopMode_writeMemoryRange__E)
                  00001522    0000013a     drivers_cc26x2.a : UARTCC26XX.oem4f (.text:UARTCC26XX_read)
                  0000165c    0000012c     sysbios.aem4f : BIOS.obj (.text:ti_sysbios_knl_Semaphore_pend__E)
                  00001788    00000122     drivers_cc26x2.a : I2C.oem4f (.text:I2C_transferTimeout)
                  000018aa    00000122     bme280.obj (.text:compensate_humidity)
                  000019cc    00000120     drivers_cc26x2.a : PowerCC26X2.oem4f (.text:configureXOSCHF)
                  00001aec    0000011c     sysbios.aem4f : BIOS.obj (.text:ti_sysbios_family_arm_m3_Hwi_dispatchC__I)
                  00001c08    00000114     drivers_cc26x2.a : PINCC26XX.oem4f (.text:PINCC26XX_setIoCfg)
                  00001d1c    00000114     sysbios.aem4f : BIOS.obj (.text:ti_sysbios_knl_Swi_run__I)
                  00001e30    00000110     drivers_cc26x2.a : GPIOCC26XX.oem4f (.text:GPIO_setConfig)
                  00001f40    00000110                      : I2CCC26XX.oem4f (.text:I2CCC26XX_hwiFxn)
                  00002050    0000010c                      : I2CCC26XX.oem4f (.text:I2C_open)
                  0000215c    0000010c     BME280_pem4f.oem4f (.text:ti_uia_loggers_LoggerStopMode_write8__E)
                  00002268    00000106     BME280_pem4f.oem4f (.text:xdc_runtime_System_printfExtend__I)
                  0000236e    00000002     ti_drivers_config.obj (.text:Board_initHook)
                  00002370    00000100     sysbios.aem4f : BIOS.obj (.text:ti_sysbios_knl_Task_schedule__I)
                  00002470    000000f8                   : BIOS.obj (.text:xdc_runtime_Startup_startMods__I)
                  00002568    000000f4     BME280_pem4f.oem4f (.text:ti_uia_loggers_LoggerStopMode_write4__E)
                  0000265c    000000f0     driverlib.lib : sys_ctrl.obj (.text:NOROM_SysCtrlStandby)
                  0000274c    000000f0     sysbios.aem4f : m3_Hwi_asm.obj (.text:ti_sysbios_family_arm_m3_Hwi_dispatch__I)
                  0000283c    000000ec                   : BIOS.obj (.text:ti_sysbios_knl_Task_startCore__E)
                  00002928    000000e8                   : BIOS.obj (.text:ti_sysbios_knl_Task_postInit__I)
                  00002a10    000000e8     BME280_pem4f.oem4f (.text:ti_uia_loggers_LoggerStopMode_write2__E)
                  00002af8    000000e4     sysbios.aem4f : BIOS.obj (.text:ti_sysbios_knl_Task_Instance_init__E)
                  00002bdc    000000e4     BME280_pem4f.oem4f (.text:ti_uia_loggers_LoggerStopMode_write1__E)
                  00002cc0    000000e0     drivers_cc26x2.a : UARTCC26XX.oem4f (.text:UARTCC26XX_write)
                  00002da0    000000e0     sysbios.aem4f : BIOS.obj (.text:ti_sysbios_knl_Clock_walkQueueDynamic__E)
                  00002e80    000000dc                   : BIOS.obj (.text:ti_sysbios_knl_Task_Instance_finalize__E)
                  00002f5c    000000d8     BME280_pem4f.oem4f (.text:ti_uia_loggers_LoggerStopMode_write0__E)
                  00003034    000000d4     main.obj (.text:printData)
                  00003108    000000cc     sysbios.aem4f : BIOS.obj (.text:ti_sysbios_knl_Mailbox_Instance_init__E)
                  000031d4    000000c8     dpl_cc26x2.a : PowerCC26X2_tirtos.oem4f (.text:PowerCC26XX_standbyPolicy)
                  0000329c    000000c4     drivers_cc26x2.a : GPIOCC26XX.oem4f (.text:GPIO_init)
                  00003360    000000c4     sysbios.aem4f : BIOS.obj (.text:ti_sysbios_utils_Load_logLoads__I)
                  00003424    000000c0     drivers_cc26x2.a : PowerCC26X2.oem4f (.text:Power_releaseDependency)
                  000034e4    000000c0                      : UARTCC26XX.oem4f (.text:UARTCC26XX_initIO)
                  000035a4    000000bc     sysbios.aem4f : BIOS.obj (.text:ti_sysbios_knl_Task_exit__E)
                  00003660    000000ba     drivers_cc26x2.a : I2CCC26XX.oem4f (.text:I2CCC26XX_swiFxn)
                  0000371a    00000002     display.a : DisplayUart.oem4f (.text:DisplayUartMin_clear)
                  0000371c    000000b8     drivers_cc26x2.a : PowerCC26X2.oem4f (.text:Power_setDependency)
                  000037d4    000000b8                      : UARTCC26XX.oem4f (.text:UARTCC26XX_initHw)
                  0000388c    000000b8     sysbios.aem4f : BIOS.obj (.text:ti_sysbios_knl_Semaphore_post__E)
                  00003944    000000b2                   : BIOS.obj (.text:xdc_runtime_Text_putSite__E)
                  000039f6    00000002     display.a : DisplayUart.oem4f (.text:DisplayUartMin_clearLines)
                  000039f8    000000ac     drivers_cc26x2.a : PINCC26XX.oem4f (.text:PIN_open)
                  00003aa4    000000ac     driverlib.lib : setup.obj (.text:TrimAfterColdResetWakeupFromShutDown)
                  00003b50    000000ac     sysbios.aem4f : BIOS.obj (.text:ti_sysbios_utils_Load_updateThreadContexts__E)
                  00003bfc    000000a8     bme280.obj (.text:compensate_temperature)
                  00003ca4    000000a8     sysbios.aem4f : BIOS.obj (.text:ti_sysbios_knl_Swi_post__E)
                  00003d4c    000000a8                   : BIOS.obj (.text:ti_sysbios_utils_Load_updateLoads__E)
                  00003df4    000000a4                   : BIOS.obj (.text:ti_sysbios_family_arm_m3_Hwi_Instance_init__E)
                  00003e98    000000a0     auto_init.aem4f : auto_init.oem4f (.text)
                  00003f38    0000009c     rtsv7M4_T_le_v4SPD16_eabi.lib : memcpy_t2.asm.obj (.text)
                  00003fd4    0000009c     sysbios.aem4f : BIOS.obj (.text:ti_sysbios_knl_Task_blockI__E)
                  00004070    00000098     driverlib.lib : setup.obj (.text:NOROM_SetupTrimDevice)
                  00004108    00000098     sysbios.aem4f : BIOS.obj (.text:ti_sysbios_knl_Clock_workFuncDynamic__E)
                  000041a0    00000098     drivers_cc26x2.a : UARTCC26XX.oem4f (.text:writeTxFifoFlush)
                  00004238    00000096                      : I2CCC26XX.oem4f (.text:I2CSupport_primeTransfer)
                  000042ce    00000096     rtsv7M4_T_le_v4SPD16_eabi.lib : ull_div_t2.asm.obj (.text)
                  00004364    00000092     drivers_cc26x2.a : UARTCC26XX.oem4f (.text:UARTCC26XX_writeCancel)
                  000043f6    00000002     display.a : DisplayUart.oem4f (.text:DisplayUartMin_init)
                  000043f8    00000090     sysbios.aem4f : BIOS.obj (.text:ti_sysbios_knl_Task_unblockI__E)
                  00004488    00000090     ti.uia.loggers.aem4f : LoggerStopMode.oem4f (.text:ti_uia_loggers_LoggerStopMode_initQueueDescriptor__E)
                  00004518    0000008c     sysbios.aem4f : BIOS.obj (.text:ti_sysbios_family_arm_m3_Hwi_initNVIC__E)
                  000045a4    0000008c                   : m3_TaskSupport_asm.obj (.text:ti_sysbios_family_arm_m3_TaskSupport_buildTaskStack)
                  00004630    00000088     driverlib.lib : osc.obj (.text:NOROM_OSCHF_AttemptToSwitchToXosc)
                  000046b8    00000088     bme280.obj (.text:bme280_compensate_data)
                  00004740    00000088     drivers_cc26x2.a : PowerCC26X2_calibrateRCOSC.oem4f (.text:calibrateRcoscHf2)
                  000047c8    00000088                      : PowerCC26X2.oem4f (.text:disableLFClockQualifiers)
                  00004850    00000088                      : PowerCC26X2_calibrateRCOSC.oem4f (.text:updateSubSecInc)
                  000048d8    00000084     ti_drivers_config.obj (.text:Board_sendExtFlashByte)
                  0000495c    00000084     drivers_cc26x2.a : UARTCC26XX.oem4f (.text:UARTCC26XX_close)
                  000049e0    00000084     sysbios.aem4f : BIOS.obj (.text:ti_sysbios_knl_Mailbox_post__E)
                  00004a64    00000084                   : BIOS.obj (.text:ti_sysbios_knl_Task_Module_startup__E)
                  00004ae8    00000080     driverlib.lib : chipinfo.obj (.text:NOROM_ChipInfo_GetChipType)
                  00004b68    00000080                   : sys_ctrl.obj (.text:NOROM_SysCtrlSetRechargeBeforePowerDown)
                  00004be8    00000080     sysbios.aem4f : BIOS.obj (.text:ti_sysbios_family_arm_cc26xx_Timer_start__E)
                  00004c68    0000007a     rtsv7M4_T_le_v4SPD16_eabi.lib : memset_t2.asm.obj (.text)
                  00004ce2    00000078     sysbios.aem4f : BIOS.obj (.text:ti_sysbios_heaps_HeapMem_allocUnprotected__E)
                  00004d5a    00000002     drivers_cc26x2.a : I2C.oem4f (.text:I2C_init)
                  00004d5c    00000074                      : I2CCC26XX.oem4f (.text:I2C_close)
                  00004dd0    00000074                      : PowerCC26X2_calibrateRCOSC.oem4f (.text:PowerCC26X2_auxISR)
                  00004e44    00000074     ti.uia.runtime.aem4f : QueueDescriptor.oem4f (.text:ti_uia_runtime_QueueDescriptor_addToList__E)
                  00004eb8    00000074     sysbios.aem4f : BIOS.obj (.text:xdc_runtime_Text_putMod__E)
                  00004f2c    00000070     drivers_cc26x2.a : PINCC26XX.oem4f (.text:PIN_add)
                  00004f9c    00000070     bme280.obj (.text:bme280_parse_sensor_data)
                  0000500c    00000070     sysbios.aem4f : BIOS.obj (.text:ti_sysbios_knl_Mailbox_Instance_finalize__E)
                  0000507c    00000070                   : BIOS.obj (.text:ti_sysbios_knl_Mailbox_pend__E)
                  000050ec    00000070                   : BIOS.obj (.text:ti_sysbios_utils_Load_taskCreateHook__E)
                  0000515c    00000070                   : BIOS.obj (.text:xdc_runtime_Memory_alloc__E)
                  000051cc    0000006e     rtsv7M4_T_le_v4SPD16_eabi.lib : ll_div_t2.asm.obj (.text)
                  0000523a    0000006e     sysbios.aem4f : BIOS.obj (.text:xdc_runtime_Core_createObject__I)
                  000052a8    0000006d                   : BIOS.obj (.text:xdc_runtime_System_formatNum__I)
                  00005315    00000001     --HOLE-- [fill = 0]
                  00005316    00000002     rtsv7M4_T_le_v4SPD16_eabi.lib : _lock.c.obj (.text:_nop)
                  00005318    0000006c     main.obj (.text:datai2c)
                  00005384    00000068     driverlib.lib : osc.obj (.text:NOROM_OSCHF_SwitchToRcOscTurnOffXosc)
                  000053ec    00000068     rtsv7M4_T_le_v4SPD16_eabi.lib : copy_decompress_lzss.c.obj (.text:decompress:lzss:__TI_decompress_lzss)
                  00005454    00000068     sysbios.aem4f : BIOS.obj (.text:ti_sysbios_knl_Clock_startI__E)
                  000054bc    00000068                   : BIOS.obj (.text:ti_sysbios_knl_Swi_restoreHwi__E)
                  00005524    00000066     ti.uia.loggers.aem4f : LoggerStopMode.oem4f (.text:ti_uia_loggers_LoggerStopMode_flush__E)
                  0000558a    00000066     sysbios.aem4f : BIOS.obj (.text:xdc_runtime_Core_deleteObject__I)
                  000055f0    00000064     drivers_cc26x2.a : I2CCC26XX.oem4f (.text:I2CCC26XX_initIO)
                  00005654    00000064                      : UARTCC26XX.oem4f (.text:UARTCC26XX_control)
                  000056b8    00000064     sysbios.aem4f : BIOS.obj (.text:ti_sysbios_heaps_HeapMem_initPrimary__I)
                  0000571c    00000064                   : BIOS.obj (.text:ti_sysbios_utils_Load_idleFxn__E)
                  00005780    00000062     drivers_cc26x2.a : UARTCC26XX.oem4f (.text:UARTCC26XX_swiIntFxn)
                  000057e2    00000002                      : PowerCC26X2.oem4f (.text:emptyClockFunc)
                  000057e4    00000060                      : I2CCC26XX.oem4f (.text:I2CCC26XX_initHw)
                  00005844    00000060     sysbios.aem4f : BIOS.obj (.text:ti_sysbios_knl_Clock_logTick__E)
                  000058a4    00000060                   : BIOS.obj (.text:ti_sysbios_utils_Load_logCPULoad__I)
                  00005904    0000005f                   : BIOS.obj (.text:xdc_runtime_Text_putLab__E)
                  00005963    00000001     --HOLE-- [fill = 0]
                  00005964    0000005e                   : BIOS.obj (.text:ti_sysbios_heaps_HeapMem_freeUnprotected__E)
                  000059c2    00000002     rtsv7M4_T_le_v4SPD16_eabi.lib : div0.asm.obj (.text)
                  000059c4    0000005c     display.a : Display.oem4f (.text:Display_doOpen)
                  00005a20    0000005c     drivers_cc26x2.a : PINCC26XX.oem4f (.text:PIN_remove)
                  00005a7c    0000005c                      : UARTCC26XX.oem4f (.text:startTxFifoEmptyClk)
                  00005ad8    00000058     rtsv7M4_T_le_v4SPD16_eabi.lib : hostwrite.c.obj (.text:HOSTwrite)
                  00005b30    00000058     drivers_cc26x2.a : PowerCC26X2_calibrateRCOSC.oem4f (.text:PowerCC26X2_initiateCalibration)
                  00005b88    00000058     boot.aem4f : boot.oem4f (.text)
                  00005be0    00000058     sysbios.aem4f : m3_Hwi_asm_switch.obj (.text:ti_sysbios_family_arm_m3_Hwi_initStacks__E)
                  00005c38    00000058                   : BIOS.obj (.text:ti_sysbios_family_arm_m3_Hwi_postInit__I)
                  00005c90    00000058                   : BIOS.obj (.text:ti_sysbios_heaps_HeapMem_alloc__E)
                  00005ce8    00000058                   : BIOS.obj (.text:ti_sysbios_utils_Load_taskSwitchHook__E)
                  00005d40    00000054     driverlib.lib : prcm.obj (.text:NOROM_PRCMPowerDomainsAllOff)
                  00005d94    00000054     dpl_cc26x2.a : SwiP_tirtos.oem4f (.text:SwiP_construct)
                  00005de8    00000054     BME280_pem4f.oem4f (.text:ti_sysbios_knl_Mailbox_create)
                  00005e3c    00000054     sysbios.aem4f : BIOS.obj (.text:ti_sysbios_knl_Swi_schedule__I)
                  00005e90    00000054                   : BIOS.obj (.text:ti_sysbios_utils_Load_addTask__E)
                  00005ee4    00000054                   : BIOS.obj (.text:ti_sysbios_utils_Load_updateCurrentThreadTime__E)
                  00005f38    00000050     BME280_pem4f.oem4f (.text:ti_sysbios_family_arm_m3_Hwi_construct)
                  00005f88    00000050     sysbios.aem4f : BIOS.obj (.text:ti_sysbios_knl_Swi_Instance_init__E)
                  00005fd8    00000050                   : BIOS.obj (.text:ti_sysbios_knl_Swi_runLoop__I)
                  00006028    00000050     BME280_pem4f.oem4f (.text:ti_sysbios_knl_Task_create)
                  00006078    00000050     sysbios.aem4f : BIOS.obj (.text:xdc_runtime_Startup_exec__E)
                  000060c8    0000004c     ti_drivers_config.obj (.text:Board_wakeUpExtFlash)
                  00006114    0000004c     driverlib.lib : prcm.obj (.text:NOROM_PRCMPowerDomainsAllOn)
                  00006160    0000004c     drivers_cc26x2.a : UARTCC26XX.oem4f (.text:UARTCC26XX_readCancel)
                  000061ac    0000004c     rtsv7M4_T_le_v4SPD16_eabi.lib : cpy_tbl.c.obj (.text:copy_in)
                  000061f8    0000004c     BME280_pem4f.oem4f (.text:ti_sysbios_knl_Swi_construct)
                  00006244    0000004c     sysbios.aem4f : BIOS.obj (.text:ti_sysbios_utils_Load_taskDeleteHook__E)
                  00006290    0000004c     ti.uia.loggers.aem4f : LoggerStopMode.oem4f (.text:ti_uia_loggers_LoggerStopMode_Module_startup__E)
                  000062dc    0000004c     sysbios.aem4f : BIOS.obj (.text:xdc_runtime_Assert_raise__I)
                  00006328    0000004c                   : BIOS.obj (.text:xdc_runtime_Core_assignParams__I)
                  00006374    0000004a     display.a : DisplayUart.oem4f (.text:DisplayUartMin_open)
                  000063be    00000002     sysbios.aem4f : BIOS.obj (.text:ti_sysbios_BIOS_linkedWithIncorrectBootLibrary__E)
                  000063c0    00000048     main.obj (.text:Clock_Trigger_init)
                  00006408    00000048     drivers_cc26x2.a : PINCC26XX.oem4f (.text:PIN_setOutputEnable)
                  00006450    00000048                      : PowerCC26X2_calibrateRCOSC.oem4f (.text:PowerCC26X2_RCOSC_clockFunc)
                  00006498    00000048                      : PowerCC26X2.oem4f (.text:switchXOSCHF)
                  000064e0    00000048     sysbios.aem4f : BIOS.obj (.text:ti_sysbios_family_arm_m3_Hwi_Module_startup__E)
                  00006528    00000048                   : BIOS.obj (.text:ti_sysbios_heaps_HeapMem_getStats__E)
                  00006570    00000048     drivers_cc26x2.a : UARTCC26XX.oem4f (.text:writeFinishedDoCallback)
                  000065b8    00000048     sysbios.aem4f : BIOS.obj (.text:xdc_runtime_Core_constructObject__I)
                  00006600    00000046     display.a : DisplayUart.oem4f (.text:DisplayUartMin_vprintf)
                  00006646    00000046     drivers_cc26x2.a : RingBuf.oem4f (.text:RingBuf_put)
                  0000668c    00000044     driverlib.lib : chipinfo.obj (.text:NOROM_ChipInfo_GetHwRevision)
                  000066d0    00000044     drivers_cc26x2.a : PINCC26XX.oem4f (.text:PIN_swi)
                  00006714    00000044                      : UART.oem4f (.text:UART_init)
                  00006758    00000044     sysbios.aem4f : BIOS.obj (.text:ti_sysbios_family_arm_m3_Hwi_disableInterrupt__E)
                  0000679c    00000044                   : BIOS.obj (.text:ti_sysbios_family_arm_m3_Hwi_enableInterrupt__E)
                  000067e0    00000044                   : BIOS.obj (.text:ti_sysbios_knl_Mailbox_Module_startup__E)
                  00006824    00000044                   : BIOS.obj (.text:ti_sysbios_knl_Task_allBlockedFunction__I)
                  00006868    00000044     ti.uia.loggers.aem4f : LoggerStopMode.oem4f (.text:ti_uia_loggers_LoggerStopMode_initBuffer__I)
                  000068ac    00000044     sysbios.aem4f : BIOS.obj (.text:xdc_runtime_SysMin_flush__E)
                  000068f0    00000044                   : BIOS.obj (.text:xdc_runtime_Text_xprintf__I)
                  00006934    00000040     ti_drivers_config.obj (.text:Board_shutDownExtFlash)
                  00006974    00000040     dpl_cc26x2.a : ClockP_tirtos.oem4f (.text:ClockP_construct)
                  000069b4    00000040     driverlib.lib : osc.obj (.text:NOROM_OSC_HPOSCRelativeFrequencyOffsetGet)
                  000069f4    00000040     drivers_cc26x2.a : RingBuf.oem4f (.text:RingBuf_get)
                  00006a34    00000040                      : UART.oem4f (.text:UART_open)
                  00006a74    00000040     rtsv7M4_T_le_v4SPD16_eabi.lib : u_divt2.asm.obj (.text)
                  00006ab4    00000040     sysbios.aem4f : BIOS.obj (.text:ti_sysbios_family_arm_cc26xx_Timer_setThreshold__I)
                  00006af4    00000040                   : BIOS.obj (.text:ti_sysbios_family_arm_m3_Hwi_getStackInfo__E)
                  00006b34    0000003e     dpl_cc26x2.a : HwiP_tirtos.oem4f (.text:HwiP_construct)
                  00006b72    00000002     BME280_pem4f.oem4f (.text:ti_sysbios_BIOS_nullFunc__I)
                  00006b74    0000003c     drivers_cc26x2.a : PINCC26XX.oem4f (.text:PIN_setOutputValue)
                  00006bb0    0000003c     sysbios.aem4f : BIOS.obj (.text:ti_sysbios_family_arm_m3_Hwi_construct2__E)
                  00006bec    0000003c                   : BIOS.obj (.text:ti_sysbios_utils_Load_startup__E)
                  00006c28    00000038     drivers_cc26x2.a : PINCC26XX.oem4f (.text:PIN_setConfig)
                  00006c60    00000038     rtsv7M4_T_le_v4SPD16_eabi.lib : trgmsg.c.obj (.text:__TI_writemsg)
                  00006c98    00000038     drivers_cc26x2.a : PowerCC26X2.oem4f (.text:notify)
                  00006cd0    00000038                      : UARTCC26XX.oem4f (.text:readData)
                  00006d08    00000038     sysbios.aem4f : BIOS.obj (.text:ti_sysbios_family_arm_cc26xx_Timer_getCurrentTick__E)
                  00006d40    00000038                   : BIOS.obj (.text:ti_sysbios_family_arm_m3_Hwi_Instance_finalize__E)
                  00006d78    00000038                   : BIOS.obj (.text:ti_sysbios_heaps_HeapMem_Instance_init__E)
                  00006db0    00000038                   : BIOS.obj (.text:ti_sysbios_knl_Clock_Instance_init__E)
                  00006de8    00000038                   : BIOS.obj (.text:ti_sysbios_utils_Load_removeTask__E)
                  00006e20    00000038     drivers_cc26x2.a : UARTCC26XX.oem4f (.text:writeData)
                  00006e58    00000038     sysbios.aem4f : BIOS.obj (.text:xdc_runtime_System_atexit__E)
                  00006e90    00000034     driverlib.lib : aux_sysif.obj (.text:NOROM_AUXSYSIFOpModeChange)
                  00006ec4    00000034                   : sys_ctrl.obj (.text:NOROM_SysCtrlIdle)
                  00006ef8    00000034     rtsv7M4_T_le_v4SPD16_eabi.lib : trgmsg.c.obj (.text:__TI_readmsg)
                  00006f2c    00000034     drivers_cc26x2.a : UARTCC26XX.oem4f (.text:readData2RingBuf)
                  00006f60    00000034     BME280_pem4f.oem4f (.text:ti_sysbios_BIOS_startFunc__I)
                  00006f94    00000034     BME280_pem4f.oem4f (.text:ti_sysbios_knl_Semaphore_create)
                  00006fc8    00000034     sysbios.aem4f : BIOS.obj (.text:ti_sysbios_knl_Swi_restore__E)
                  00006ffc    00000034     ti.uia.loggers.aem4f : LoggerStopMode.oem4f (.text:ti_uia_loggers_LoggerStopMode_reset__E)
                  00007030    00000034     sysbios.aem4f : BIOS.obj (.text:xdc_runtime_SysMin_abort__E)
                  00007064    00000034                   : BIOS.obj (.text:xdc_runtime_SysMin_putch__E)
                  00007098    00000032                   : BIOS.obj (.text:ti_sysbios_family_arm_cc26xx_Timer_setNextTick__E)
                  000070ca    00000002                   : BIOS.obj (.text:ti_sysbios_gates_GateHwi_Instance_init__E)
                  000070cc    00000030     drivers_cc26x2.a : GPIOCC26XX.oem4f (.text:GPIO_hwiIntFxn)
                  000070fc    00000030                      : GPIOCC26XX.oem4f (.text:GPIO_setCallback)
                  0000712c    00000030                      : PINCC26XX.oem4f (.text:PINCC26XX_setMux)
                  0000715c    00000030                      : PowerCC26X2.oem4f (.text:Power_releaseConstraint)
                  0000718c    00000030                      : PowerCC26X2.oem4f (.text:Power_setConstraint)
                  000071bc    00000030     BME280_pem4f.oem4f (.text:ti_sysbios_BIOS_atExitFunc__I)
                  000071ec    00000030     sysbios.aem4f : BIOS.obj (.text:ti_sysbios_family_arm_cc26xx_Timer_initDevice__I)
                  0000721c    00000030     BME280_pem4f.oem4f (.text:ti_sysbios_gates_GateHwi_Object__create__S)
                  0000724c    00000030     BME280_pem4f.oem4f (.text:ti_sysbios_gates_GateMutex_Object__create__S)
                  0000727c    00000030     sysbios.aem4f : BIOS.obj (.text:ti_sysbios_gates_GateMutex_enter__E)
                  000072ac    00000030     BME280_pem4f.oem4f (.text:ti_sysbios_heaps_HeapMem_Object__create__S)
                  000072dc    00000030     sysbios.aem4f : BIOS.obj (.text:ti_sysbios_heaps_HeapMem_free__E)
                  0000730c    00000030     BME280_pem4f.oem4f (.text:ti_sysbios_knl_Clock_construct)
                  0000733c    00000030     BME280_pem4f.oem4f (.text:ti_sysbios_knl_Semaphore_construct)
                  0000736c    00000030     sysbios.aem4f : BIOS.obj (.text:ti_sysbios_knl_Task_processVitalTaskFlag__I)
                  0000739c    00000030                   : BIOS.obj (.text:ti_sysbios_utils_Load_getTaskLoad__E)
                  000073cc    00000030     BME280_pem4f.oem4f (.text:ti_uia_loggers_LoggerStopMode_Object__create__S)
                  000073fc    00000030     sysbios.aem4f : BIOS.obj (.text:xdc_runtime_System_processAtExit__E)
                  0000742c    0000002e                   : BIOS.obj (.text:ti_sysbios_family_arm_m3_TaskSupport_start__E)
                  0000745a    0000002e                   : BIOS.obj (.text:ti_sysbios_hal_Hwi_initStack)
                  00007488    0000002c     dpl_cc26x2.a : SemaphoreP_tirtos.oem4f (.text:SemaphoreP_constructBinary)
                  000074b4    0000002c                  : SemaphoreP_tirtos.oem4f (.text:SemaphoreP_createBinary)
                  000074e0    0000002c     BME280_pem4f.oem4f (.text:ti_sysbios_gates_GateHwi_Handle__label__S)
                  0000750c    0000002c     BME280_pem4f.oem4f (.text:ti_sysbios_gates_GateMutex_Handle__label__S)
                  00007538    0000002c     BME280_pem4f.oem4f (.text:ti_sysbios_heaps_HeapMem_Handle__label__S)
                  00007564    0000002c     sysbios.aem4f : BIOS.obj (.text:ti_sysbios_knl_Clock_getTicksUntilInterrupt__E)
                  00007590    0000002c                   : BIOS.obj (.text:ti_sysbios_knl_Mailbox_postInit__I)
                  000075bc    0000002c     BME280_pem4f.oem4f (.text:ti_sysbios_knl_Queue_construct)
                  000075e8    0000002c     sysbios.aem4f : BIOS.obj (.text:ti_sysbios_knl_Semaphore_pendTimeout__I)
                  00007614    0000002c                   : BIOS.obj (.text:ti_sysbios_knl_Task_restore__E)
                  00007640    0000002c     BME280_pem4f.oem4f (.text:ti_uia_loggers_LoggerStopMode_Handle__label__S)
                  0000766c    0000002c     sysbios.aem4f : BIOS.obj (.text:xdc_runtime_System_putchar__I)
                  00007698    0000002b                   : BIOS.obj (.text:xdc_runtime_Text_printVisFxn__I)
                  000076c3    00000001     --HOLE-- [fill = 0]
                  000076c4    0000002a     display.a : Display.oem4f (.text:Display_doPrintf)
                  000076ee    00000002     sysbios.aem4f : BIOS.obj (.text:ti_sysbios_knl_Clock_triggerFunc__I)
                  000076f0    00000028     display.a : Display.oem4f (.text:Display_doInit)
                  00007718    00000028     drivers_cc26x2.a : PowerCC26X2.oem4f (.text:Power_registerNotify)
                  00007740    00000028                      : PowerCC26X2.oem4f (.text:oscillatorISR)
                  00007768    00000028     sysbios.aem4f : m3_Hwi_asm.obj (.text:ti_sysbios_family_arm_m3_Hwi_excHandlerAsm__I)
                  00007790    00000028                   : BIOS.obj (.text:ti_sysbios_knl_Clock_addI__E)
                  000077b8    00000026     drivers_cc26x2.a : I2C.oem4f (.text:I2C_cancel)
                  000077de    00000026                      : List.oem4f (.text:List_put)
                  00007804    00000026                      : List.oem4f (.text:List_remove)
                  0000782a    00000026     sysbios.aem4f : m3_Hwi_asm.obj (.text:ti_sysbios_family_arm_m3_Hwi_pendSV__I)
                  00007850    00000024     driverlib.lib : osc.obj (.text:NOROM_OSCHF_TurnOnXosc)
                  00007874    00000024     drivers_cc26x2.a : PowerCC26X2_calibrateRCOSC.oem4f (.text:getTdcSemaphore)
                  00007898    00000024     main.obj (.text:parseCalib)
                  000078bc    00000024     BME280_pem4f.oem4f (.text:ti_sysbios_BIOS_registerRTSLock__I)
                  000078e0    00000024     BME280_pem4f.oem4f (.text:ti_sysbios_BIOS_removeRTSLock__I)
                  00007904    00000024     sysbios.aem4f : BIOS.obj (.text:ti_sysbios_family_arm_cc26xx_Timer_Module_startup__E)
                  00007928    00000024                   : BIOS.obj (.text:ti_sysbios_family_arm_cc26xx_Timer_getMaxTicks__E)
                  0000794c    00000024                   : BIOS.obj (.text:ti_sysbios_family_arm_cc26xx_Timer_startup__E)
                  00007970    00000024     BME280_pem4f.oem4f (.text:ti_sysbios_gates_GateMutex_Object__delete__S)
                  00007994    00000024     sysbios.aem4f : BIOS.obj (.text:ti_sysbios_knl_Clock_Module_startup__E)
                  000079b8    00000024                   : BIOS.obj (.text:ti_sysbios_knl_Semaphore_Instance_init__E)
                  000079dc    00000024     BME280_pem4f.oem4f (.text:ti_sysbios_knl_Semaphore_Object__delete__S)
                  00007a00    00000024     sysbios.aem4f : BIOS.obj (.text:ti_sysbios_knl_Swi_Module_startup__E)
                  00007a24    00000024                   : BIOS.obj (.text:ti_sysbios_knl_Task_restoreHwi__E)
                  00007a48    00000022                   : BIOS.obj (.text:ti_sysbios_family_arm_cc26xx_Timer_postInit__I)
                  00007a6a    00000022     BME280_pem4f.oem4f (.text:xdc_runtime_SysMin_output__I)
                  00007a8c    00000020     ti_drivers_config.obj (.text:Board_init)
                  00007aac    00000020     drivers_cc26x2.a : PINCC26XX.oem4f (.text:PINCC26XX_setIoCfgMux)
                  00007acc    00000020                      : PowerCC26X2.oem4f (.text:Power_unregisterNotify)
                  00007aec    00000020                      : UARTCC26XX.oem4f (.text:threadSafeStdbyDisRelease)
                  00007b0c    00000020                      : UARTCC26XX.oem4f (.text:threadSafeStdbyDisSet)
                  00007b2c    00000020     BME280_pem4f.oem4f (.text:ti_sysbios_BIOS_rtsLock__I)
                  00007b4c    00000020     sysbios.aem4f : BIOS.obj (.text:ti_sysbios_family_arm_cc26xx_Timer_dynamicStub__E)
                  00007b6c    00000020                   : BIOS.obj (.text:ti_sysbios_family_arm_cc26xx_TimestampProvider_Module_startup__E)
                  00007b8c    00000020     BME280_pem4f.oem4f (.text:ti_sysbios_gates_GateHwi_Object__delete__S)
                  00007bac    00000020     BME280_pem4f.oem4f (.text:ti_sysbios_heaps_HeapMem_Object__delete__S)
                  00007bcc    00000020     BME280_pem4f.oem4f (.text:ti_sysbios_knl_Clock_destruct)
                  00007bec    00000020     sysbios.aem4f : BIOS.obj (.text:ti_sysbios_knl_Clock_getTicks__E)
                  00007c0c    00000020                   : BIOS.obj (.text:ti_sysbios_knl_Clock_stop__E)
                  00007c2c    00000020                   : BIOS.obj (.text:ti_sysbios_knl_Idle_run__E)
                  00007c4c    00000020     BME280_pem4f.oem4f (.text:ti_sysbios_knl_Semaphore_destruct)
                  00007c6c    00000020     BME280_pem4f.oem4f (.text:ti_uia_loggers_LoggerStopMode_Object__delete__S)
                  00007c8c    00000020     sysbios.aem4f : BIOS.obj (.text:xdc_runtime_SysMin_Module_startup__E)
                  00007cac    0000001e     drivers_cc26x2.a : PINCC26XX.oem4f (.text:PIN_close)
                  00007cca    0000001e                      : PowerCC26X2.oem4f (.text:Power_getTransitionLatency)
                  00007ce8    0000001e     sysbios.aem4f : m3_Hwi_asm_switch.obj (.text:ti_sysbios_family_xxx_Hwi_switchAndRunFunc)
                  00007d06    00000002                   : BIOS.obj (.text:ti_sysbios_knl_Swi_Instance_finalize__E)
                  00007d08    0000001c     driverlib.lib : chipinfo.obj (.text:NOROM_ChipInfo_GetChipFamily)
                  00007d24    0000001c     drivers_cc26x2.a : PINCC26XX.oem4f (.text:PIN_hwi)
                  00007d40    0000001c     dpl_cc26x2.a : PowerCC26X2_tirtos.oem4f (.text:PowerCC26XX_schedulerDisable)
                  00007d5c    0000001c                  : PowerCC26X2_tirtos.oem4f (.text:PowerCC26XX_schedulerRestore)
                  00007d78    0000001c     BME280_pem4f.oem4f (.text:ti_sysbios_family_arm_m3_Hwi_destruct)
                  00007d94    0000001c     sysbios.aem4f : BIOS.obj (.text:ti_sysbios_family_arm_m3_Hwi_excHandler__I)
                  00007db0    0000001c                   : BIOS.obj (.text:ti_sysbios_family_arm_m3_Hwi_setPriority__E)
                  00007dcc    0000001c                   : BIOS.obj (.text:ti_sysbios_gates_GateMutex_Instance_init__E)
                  00007de8    0000001c                   : BIOS.obj (.text:ti_sysbios_knl_Clock_scheduleNextTick__E)
                  00007e04    0000001c     BME280_pem4f.oem4f (.text:ti_sysbios_knl_Queue_destruct)
                  00007e20    0000001c     sysbios.aem4f : BIOS.obj (.text:ti_sysbios_knl_Queue_get__E)
                  00007e3c    0000001c                   : BIOS.obj (.text:ti_sysbios_knl_Queue_put__E)
                  00007e58    0000001c                   : BIOS.obj (.text:ti_sysbios_knl_Swi_construct2__E)
                  00007e74    0000001c     BME280_pem4f.oem4f (.text:ti_sysbios_knl_Swi_destruct)
                  00007e90    0000001c     sysbios.aem4f : BIOS.obj (.text:ti_sysbios_knl_Task_enter__I)
                  00007eac    0000001c     ti.uia.loggers.aem4f : LoggerStopMode.oem4f (.text:ti_uia_loggers_LoggerStopMode_Instance_init__E)
                  00007ec8    0000001c     sysbios.aem4f : BIOS.obj (.text:xdc_runtime_Error_check__E)
                  00007ee4    0000001c                   : BIOS.obj (.text:xdc_runtime_Error_raiseX__E)
                  00007f00    0000001c                   : BIOS.obj (.text:xdc_runtime_Memory_valloc__E)
                  00007f1c    0000001c                   : BIOS.obj (.text:xdc_runtime_Registry_findById__E)
                  00007f38    0000001c                   : BIOS.obj (.text:xdc_runtime_SysMin_exit__E)
                  00007f54    0000001c                   : BIOS.obj (.text:xdc_runtime_System_abort__E)
                  00007f70    0000001a     drivers_cc26x2.a : PowerCC26X2.oem4f (.text:PowerCC26XX_calibrate)
                  00007f8a    00000002     BME280_pem4f.oem4f (.text:ti_uia_loggers_LoggerStopMode_setFilterLevel__E)
                  00007f8c    00000018     driverlib.lib : chipinfo.obj (.text:NOROM_ChipInfo_GetPackageType)
                  00007fa4    00000018     drivers_cc26x2.a : PowerCC26X2.oem4f (.text:Power_idleFunc)
                  00007fbc    00000018                      : UART.oem4f (.text:UART_Params_init)
                  00007fd4    00000018     rtsv7M4_T_le_v4SPD16_eabi.lib : args_main.c.obj (.text:_args_main)
                  00007fec    00000018                                   : ll_mul_t2.asm.obj (.text)
                  00008004    00000018     drivers_cc26x2.a : PowerCC26X2.oem4f (.text:switchToTCXO)
                  0000801c    00000018     BME280_pem4f.oem4f (.text:ti_sysbios_BIOS_rtsUnlock__I)
                  00008034    00000018     BME280_pem4f.oem4f (.text:ti_sysbios_family_arm_cc26xx_Timer_Module__startupDone__F)
                  0000804c    00000018     BME280_pem4f.oem4f (.text:ti_sysbios_family_arm_m3_Hwi_Module__startupDone__F)
                  00008064    00000018     sysbios.aem4f : BIOS.obj (.text:ti_sysbios_family_arm_m3_Hwi_plug__E)
                  0000807c    00000018                   : m3_TaskSupport_asm.obj (.text:ti_sysbios_family_arm_m3_TaskSupport_swap__E)
                  00008094    00000018                   : BIOS.obj (.text:ti_sysbios_gates_GateMutex_leave__E)
                  000080ac    00000018                   : BIOS.obj (.text:ti_sysbios_knl_Swi_or__E)
                  000080c4    00000018                   : BIOS.obj (.text:ti_sysbios_knl_Task_unblock__E)
                  000080dc    00000018                   : BIOS.obj (.text:xdc_runtime_Error_init__E)
                  000080f4    00000018                   : BIOS.obj (.text:xdc_runtime_System_exit__E)
                  0000810c    00000018                   : BIOS.obj (.text:xdc_runtime_Text_ropeText__E)
                  00008124    00000016     display.a : DisplayUart.oem4f (.text:DisplayUartMin_close)
                  0000813a    00000016     driverlib.lib : chipinfo.obj (.text:NOROM_ThisLibraryIsFor_CC13x2_CC26x2_HwRev20AndLater_HaltIfViolated)
                  00008150    00000016     BME280_pem4f.oem4f (.text:ti_sysbios_BIOS_exitFunc__I)
                  00008166    00000016     sysbios.aem4f : BIOS.obj (.text:ti_sysbios_family_arm_cc26xx_TimestampProvider_get64__E)
                  0000817c    00000016                   : BIOS.obj (.text:ti_sysbios_knl_Clock_Instance_finalize__E)
                  00008192    00000016     main.obj (.text:ti_sysbios_knl_Clock_Params_init)
                  000081a8    00000016     sysbios.aem4f : BIOS.obj (.text:ti_sysbios_knl_Clock_start__E)
                  000081be    00000016     main.obj (.text:ti_sysbios_knl_Mailbox_Params_init)
                  000081d4    00000016     main.obj (.text:ti_sysbios_knl_Task_Params_init)
                  000081ea    00000016     ti.uia.loggers.aem4f : LoggerStopMode.oem4f (.text:ti_uia_loggers_LoggerStopMode_disable__E)
                  00008200    00000016                          : LoggerStopMode.oem4f (.text:ti_uia_loggers_LoggerStopMode_enable__E)
                  00008216    00000014     drivers_cc26x2.a : I2C.oem4f (.text:I2C_transfer)
                  0000822a    00000002     ti.uia.loggers.aem4f : LoggerStopMode.oem4f (.text:ti_uia_loggers_LoggerStopMode_setPriority__E)
                  0000822c    00000014     drivers_cc26x2.a : PINCC26XX.oem4f (.text:PINCC26XX_getPinCount)
                  00008240    00000014                      : PowerCC26X2_calibrateRCOSC.oem4f (.text:PowerCC26X2_calibrate)
                  00008254    00000014     main.obj (.text:clkFxnTrigger)
                  00008268    00000014     rtsv7M4_T_le_v4SPD16_eabi.lib : strlen.c.obj (.text:strlen)
                  0000827c    00000014     sysbios.aem4f : BIOS.obj (.text:ti_sysbios_family_arm_cc26xx_Timer_getCount64__E)
                  00008290    00000014     BME280_pem4f.oem4f (.text:ti_sysbios_family_arm_m3_Hwi_Object__get__S)
                  000082a4    00000014     sysbios.aem4f : BIOS.obj (.text:ti_sysbios_family_arm_m3_Hwi_switchFromBootStack__E)
                  000082b8    00000014     BME280_pem4f.oem4f (.text:ti_sysbios_heaps_HeapMem_Object__get__S)
                  000082cc    00000014     BME280_pem4f.oem4f (.text:ti_sysbios_knl_Clock_doTick__I)
                  000082e0    00000014     BME280_pem4f.oem4f (.text:ti_sysbios_knl_Swi_Object__get__S)
                  000082f4    00000014     BME280_pem4f.oem4f (.text:ti_sysbios_knl_Task_Object__get__S)
                  00008308    00000012     drivers_cc26x2.a : RingBuf.oem4f (.text:RingBuf_construct)
                  0000831a    00000012     dpl_cc26x2.a : SemaphoreP_tirtos.oem4f (.text:SemaphoreP_pend)
                  0000832c    00000012     sysbios.aem4f : BIOS.obj (.text:ti_sysbios_hal_Hwi_Module_startup__E)
                  0000833e    00000012     BME280_pem4f.oem4f (.text:xdc_runtime_Startup_exec__I)
                  00008350    00000010     dpl_cc26x2.a : HwiP_tirtos.oem4f (.text:HwiP_Params_init)
                  00008360    00000010     drivers_cc26x2.a : I2CCC26XX.oem4f (.text:I2CCC26XX_postNotify)
                  00008370    00000010                      : I2C.oem4f (.text:I2C_Params_init)
                  00008380    00000010     dpl_cc26x2.a : SwiP_tirtos.oem4f (.text:SwiP_Params_init)
                  00008390    00000010     sysbios.aem4f : BIOS.obj (.text:ti_sysbios_BIOS_exit__E)
                  000083a0    00000010                   : BIOS.obj (.text:ti_sysbios_BIOS_getCpuFreq__E)
                  000083b0    00000010                   : BIOS.obj (.text:ti_sysbios_BIOS_setThreadType__E)
                  000083c0    00000010                   : BIOS.obj (.text:ti_sysbios_BIOS_start__E)
                  000083d0    00000010                   : m3_TaskSupport_asm.obj (.text:ti_sysbios_family_arm_m3_TaskSupport_glue)
                  000083e0    00000010                   : BIOS.obj (.text:ti_sysbios_gates_GateMutex_Instance_finalize__E)
                  000083f0    00000010     BME280_pem4f.oem4f (.text:ti_sysbios_knl_Mailbox_Object__get__S)
                  00008400    00000010     sysbios.aem4f : BIOS.obj (.text:ti_sysbios_knl_Semaphore_Instance_finalize__E)
                  00008410    00000010                   : BIOS.obj (.text:ti_sysbios_knl_Swi_disable__E)
                  00008420    00000010                   : BIOS.obj (.text:ti_sysbios_knl_Swi_enabled__E)
                  00008430    00000010                   : BIOS.obj (.text:ti_sysbios_knl_Task_disable__E)
                  00008440    00000010     BME280_pem4f.oem4f (.text:ti_uia_loggers_LoggerStopMode_Object__get__S)
                  00008450    00000010     ti.uia.loggers.aem4f : LoggerStopMode.oem4f (.text:ti_uia_loggers_LoggerStopMode_isEmpty__E)
                  00008460    00000010     drivers_cc26x2.a : UARTCC26XX.oem4f (.text:uartPostNotify)
                  00008470    00000010     sysbios.aem4f : BIOS.obj (.text:xdc_runtime_Gate_leaveSystem__E)
                  00008480    00000010                   : BIOS.obj (.text:xdc_runtime_Memory_free__E)
                  00008490    00000010                   : BIOS.obj (.text:xdc_runtime_SysMin_ready__E)
                  000084a0    00000010                   : BIOS.obj (.text:xdc_runtime_System_vsnprintf__E)
                  000084b0    0000000e     drivers_cc26x2.a : I2CCC26XX.oem4f (.text:I2CSupport_masterFinish)
                  000084be    0000000e     rtsv7M4_T_le_v4SPD16_eabi.lib : copy_decompress_none.c.obj (.text:decompress:none:__TI_decompress_none)
                  000084cc    0000000e     sysbios.aem4f : BIOS.obj (.text:ti_sysbios_family_arm_cc26xx_TimestampProvider_get32__E)
                  000084da    0000000e                   : BIOS.obj (.text:ti_sysbios_heaps_HeapMem_restore__E)
                  000084e8    0000000e                   : BIOS.obj (.text:ti_sysbios_knl_Queue_empty__E)
                  000084f6    0000000e                   : BIOS.obj (.text:ti_sysbios_knl_Queue_remove__E)
                  00008504    0000000c     dpl_cc26x2.a : ClockP_tirtos.oem4f (.text:ClockP_getSystemTickPeriod)
                  00008510    0000000c     driverlib.lib : cpu.obj (.text:NOROM_CPUcpsid)
                  0000851c    0000000c                   : cpu.obj (.text:NOROM_CPUcpsie)
                  00008528    0000000c     drivers_cc26x2.a : PINCC26XX.oem4f (.text:PIN_registerIntCb)
                  00008534    0000000c                      : PowerCC26X2.oem4f (.text:Power_getConstraintMask)
                  00008540    0000000c                      : PowerCC26X2.oem4f (.text:Power_getDependencyCount)
                  0000854c    0000000c     dpl_cc26x2.a : SemaphoreP_tirtos.oem4f (.text:SemaphoreP_delete)
                  00008558    0000000c     rtsv7M4_T_le_v4SPD16_eabi.lib : _lock.c.obj (.text:_register_lock)
                  00008564    0000000c                                   : _lock.c.obj (.text:_register_unlock)
                  00008570    0000000c                                   : copy_zero_init.c.obj (.text:decompress:ZI:__TI_zero_init)
                  0000857c    0000000c     sysbios.aem4f : BIOS.obj (.text:ti_sysbios_BIOS_getThreadType__E)
                  00008588    0000000c                   : BIOS.obj (.text:ti_sysbios_family_arm_cc26xx_TimestampProvider_getFreq__E)
                  00008594    0000000c     BME280_pem4f.oem4f (.text:ti_sysbios_family_arm_m3_Hwi_Params__init__S)
                  000085a0    0000000c     sysbios.aem4f : BIOS.obj (.text:ti_sysbios_family_arm_m3_Hwi_disableFxn__E)
                  000085ac    0000000c                   : BIOS.obj (.text:ti_sysbios_family_arm_m3_TaskSupport_getStackAlignment__E)
                  000085b8    0000000c                   : BIOS.obj (.text:ti_sysbios_gates_GateHwi_enter__E)
                  000085c4    0000000c     BME280_pem4f.oem4f (.text:ti_sysbios_knl_Clock_Params__init__S)
                  000085d0    0000000c     sysbios.aem4f : BIOS.obj (.text:ti_sysbios_knl_Clock_getTimerHandle__E)
                  000085dc    0000000c     BME280_pem4f.oem4f (.text:ti_sysbios_knl_Mailbox_Params__init__S)
                  000085e8    0000000c     BME280_pem4f.oem4f (.text:ti_sysbios_knl_Queue_Object__get__S)
                  000085f4    0000000c     sysbios.aem4f : BIOS.obj (.text:ti_sysbios_knl_Queue_dequeue__E)
                  00008600    0000000c                   : BIOS.obj (.text:ti_sysbios_knl_Queue_enqueue__E)
                  0000860c    0000000c     BME280_pem4f.oem4f (.text:ti_sysbios_knl_Semaphore_Params__init__S)
                  00008618    0000000c     BME280_pem4f.oem4f (.text:ti_sysbios_knl_Swi_Params__init__S)
                  00008624    0000000c     sysbios.aem4f : BIOS.obj (.text:ti_sysbios_knl_Swi_getTrigger__E)
                  00008630    0000000c     BME280_pem4f.oem4f (.text:ti_sysbios_knl_Task_Params__init__S)
                  0000863c    0000000c     sysbios.aem4f : BIOS.obj (.text:ti_sysbios_knl_Task_getIdleTask__E)
                  00008648    0000000c                   : BIOS.obj (.text:ti_sysbios_knl_Task_self__E)
                  00008654    0000000c                   : BIOS.obj (.text:ti_sysbios_utils_Load_getCPULoad__E)
                  00008660    0000000c                   : BIOS.obj (.text:ti_sysbios_utils_Load_taskRegHook__E)
                  0000866c    0000000c                   : BIOS.obj (.text:xdc_runtime_Gate_enterSystem__E)
                  00008678    0000000c                   : BIOS.obj (.text:xdc_runtime_Memory_calloc__E)
                  00008684    0000000c                   : BIOS.obj (.text:xdc_runtime_Memory_getMaxDefaultTypeAlign__E)
                  00008690    0000000c                   : BIOS.obj (.text:xdc_runtime_Startup_rtsDone__E)
                  0000869c    0000000a     dpl_cc26x2.a : ClockP_tirtos.oem4f (.text:ClockP_Params_init)
                  000086a6    0000000a     drivers_cc26x2.a : UART.oem4f (.text:UART_close)
                  000086b0    0000000a                      : UART.oem4f (.text:UART_control)
                  000086ba    0000000a                      : UART.oem4f (.text:UART_write)
                  000086c4    0000000a                      : UARTCC26XX.oem4f (.text:readSemCallback)
                  000086ce    0000000a     BME280_pem4f.oem4f (.text:xdc_runtime_IHeap_alloc)
                  000086d8    0000000a     BME280_pem4f.oem4f (.text:xdc_runtime_IHeap_free)
                  000086e2    00000008     drivers_cc26x2.a : I2CCC26XX.oem4f (.text:I2CCC26XX_blockingCallback)
                  000086ea    00000008                      : UARTCC26XX.oem4f (.text:UARTCC26XX_init)
                  000086f2    00000008     sysbios.aem4f : BIOS.obj (.text:ti_sysbios_family_arm_m3_Hwi_doSwiRestore__I)
                  000086fa    00000008                   : BIOS.obj (.text:ti_sysbios_family_arm_m3_Hwi_startup__E)
                  00008702    00000008                   : BIOS.obj (.text:ti_sysbios_knl_Idle_loop__E)
                  0000870a    00000008                   : BIOS.obj (.text:ti_sysbios_knl_Task_getHookContext__E)
                  00008712    00000008                   : BIOS.obj (.text:ti_sysbios_knl_Task_setHookContext__E)
                  0000871a    00000008     drivers_cc26x2.a : UARTCC26XX.oem4f (.text:writeSemCallback)
                  00008722    00000008     BME280_pem4f.oem4f (.text:xdc_runtime_Text_visitRope__I)
                  0000872a    00000006     display.a : DisplayUart.oem4f (.text:DisplayUartMin_control)
                  00008730    00000006               : DisplayUart.oem4f (.text:DisplayUartMin_getType)
                  00008736    00000006               : Display.oem4f (.text:Display_doParamsInit)
                  0000873c    00000006     drivers_cc26x2.a : I2CCC26XX.oem4f (.text:I2CSupport_powerRelConstraint)
                  00008742    00000006                      : I2CCC26XX.oem4f (.text:I2CSupport_powerSetConstraint)
                  00008748    00000006     driverlib.lib : cpu.obj (.text:NOROM_CPUdelay)
                  0000874e    00000006     drivers_cc26x2.a : UARTCC26XX.oem4f (.text:UARTCC26XX_readPolling)
                  00008754    00000006                      : UARTCC26XX.oem4f (.text:UARTCC26XX_writePolling)
                  0000875a    00000006                      : PowerCC26X2.oem4f (.text:delayUs)
                  00008760    00000006     sysbios.aem4f : BIOS.obj (.text:ti_sysbios_family_arm_m3_Hwi_doTaskRestore__I)
                  00008766    00000006                   : BIOS.obj (.text:ti_sysbios_family_arm_m3_Hwi_restoreFxn__E)
                  0000876c    00000006                   : BIOS.obj (.text:ti_sysbios_gates_GateHwi_leave__E)
                  00008772    00000006                   : BIOS.obj (.text:ti_sysbios_heaps_HeapMem_isBlocking__E)
                  00008778    00000006                   : BIOS.obj (.text:ti_sysbios_knl_Queue_Instance_init__E)
                  0000877e    00000006                   : BIOS.obj (.text:ti_sysbios_knl_Queue_elemClear__E)
                  00008784    00000006                   : BIOS.obj (.text:ti_sysbios_knl_Swi_startup__E)
                  0000878a    00000006                   : BIOS.obj (.text:xdc_runtime_System_Module_startup__E)
                  00008790    00000004     dpl_cc26x2.a : PowerCC26X2_tirtos.oem4f (.text:CPUwfi)
                  00008794    00000004                  : ClockP_tirtos.oem4f (.text:ClockP_destruct)
                  00008798    00000004                  : ClockP_tirtos.oem4f (.text:ClockP_getCpuFreq)
                  0000879c    00000004                  : ClockP_tirtos.oem4f (.text:ClockP_setTimeout)
                  000087a0    00000004                  : ClockP_tirtos.oem4f (.text:ClockP_start)
                  000087a4    00000004                  : ClockP_tirtos.oem4f (.text:ClockP_stop)
                  000087a8    00000004                  : HwiP_tirtos.oem4f (.text:HwiP_destruct)
                  000087ac    00000004                  : HwiP_tirtos.oem4f (.text:HwiP_disable)
                  000087b0    00000004                  : HwiP_tirtos.oem4f (.text:HwiP_disableInterrupt)
                  000087b4    00000004                  : HwiP_tirtos.oem4f (.text:HwiP_enableInterrupt)
                  000087b8    00000004                  : SemaphoreP_tirtos.oem4f (.text:SemaphoreP_destruct)
                  000087bc    00000004                  : SemaphoreP_tirtos.oem4f (.text:SemaphoreP_post)
                  000087c0    00000004                  : SwiP_tirtos.oem4f (.text:SwiP_destruct)
                  000087c4    00000004                  : SwiP_tirtos.oem4f (.text:SwiP_getTrigger)
                  000087c8    00000004                  : SwiP_tirtos.oem4f (.text:SwiP_or)
                  000087cc    00000004                  : SwiP_tirtos.oem4f (.text:SwiP_post)
                  000087d0    00000004                  : SystemP_tirtos.oem4f (.text:SystemP_vsnprintf)
                  000087d4    00000004     drivers_cc26x2.a : PowerCC26X2.oem4f (.text:configureRFCoreClocks)
                  000087d8    00000004                      : PowerCC26X2.oem4f (.text:nopResourceHandler)
                  000087dc    00000004     BME280_pem4f.oem4f (.text:ti_sysbios_BIOS_RtsGateProxy_enter__E)
                  000087e0    00000004     BME280_pem4f.oem4f (.text:ti_sysbios_BIOS_RtsGateProxy_leave__E)
                  000087e4    00000004     sysbios.aem4f : BIOS.obj (.text:ti_sysbios_family_arm_cc26xx_Timer_setPeriod__E)
                  000087e8    00000004     BME280_pem4f.oem4f (.text:ti_sysbios_family_arm_m3_TaskSupport_Module__startupDone__S)
                  000087ec    00000004     sysbios.aem4f : BIOS.obj (.text:ti_sysbios_gates_GateHwi_query__E)
                  000087f0    00000004                   : BIOS.obj (.text:ti_sysbios_gates_GateMutex_query__E)
                  000087f4    00000004     BME280_pem4f.oem4f (.text:ti_sysbios_heaps_HeapMem_Module_GateProxy_enter__E)
                  000087f8    00000004     BME280_pem4f.oem4f (.text:ti_sysbios_heaps_HeapMem_Module_GateProxy_leave__E)
                  000087fc    00000004     BME280_pem4f.oem4f (.text:ti_sysbios_knl_Clock_TimerProxy_getCurrentTick__E)
                  00008800    00000004     BME280_pem4f.oem4f (.text:ti_sysbios_knl_Clock_TimerProxy_getMaxTicks__E)
                  00008804    00000004     BME280_pem4f.oem4f (.text:ti_sysbios_knl_Clock_TimerProxy_setNextTick__E)
                  00008808    00000004     sysbios.aem4f : BIOS.obj (.text:ti_sysbios_knl_Clock_removeI__E)
                  0000880c    00000004                   : BIOS.obj (.text:ti_sysbios_knl_Clock_setTimeout__E)
                  00008810    00000004                   : BIOS.obj (.text:ti_sysbios_knl_Queue_head__E)
                  00008814    00000004                   : BIOS.obj (.text:ti_sysbios_knl_Queue_next__E)
                  00008818    00000004                   : BIOS.obj (.text:ti_sysbios_knl_Queue_prev__E)
                  0000881c    00000004     BME280_pem4f.oem4f (.text:ti_sysbios_knl_Semaphore_delete)
                  00008820    00000004     sysbios.aem4f : BIOS.obj (.text:ti_sysbios_knl_Swi_postInit__I)
                  00008824    00000004                   : BIOS.obj (.text:ti_sysbios_knl_Task_startup__E)
                  00008828    00000004     ti.uia.loggers.aem4f : LoggerStopMode.oem4f (.text:ti_uia_loggers_LoggerStopMode_getContents__E)
                  0000882c    00000004     BME280_pem4f.oem4f (.text:ti_uia_loggers_LoggerStopMode_getFilterLevel__E)
                  00008830    00000004     ti.uia.loggers.aem4f : LoggerStopMode.oem4f (.text:ti_uia_loggers_LoggerStopMode_getInstanceId__E)
                  00008834    00000004                          : LoggerStopMode.oem4f (.text:ti_uia_loggers_LoggerStopMode_getMaxLength__E)
                  00008838    00000004                          : LoggerStopMode.oem4f (.text:ti_uia_loggers_LoggerStopMode_getPriority__E)
                  0000883c    00000004                          : LoggerStopMode.oem4f (.text:ti_uia_loggers_LoggerStopMode_getTransferType__E)
                  00008840    00000004     BME280_pem4f.oem4f (.text:xdc_runtime_System_Module_GateProxy_enter__E)
                  00008844    00000004     BME280_pem4f.oem4f (.text:xdc_runtime_System_Module_GateProxy_leave__E)
                  00008848    00000002     sysbios.aem4f : BIOS.obj (.text:xdc_runtime_Error_policySpin__E)
                  0000884a    00000002                   : BIOS.obj (.text:xdc_runtime_System_abortSpin__E)
                  0000884c    00000002                   : BIOS.obj (.text:xdc_runtime_System_exitSpin__E)

.const     0    00008850    000008e3     
                  00008850    00000060     BME280_pem4f.oem4f (.const:ti_uia_loggers_LoggerStopMode_Module__FXNS__C)
                  000088b0    00000054     drivers_cc26x2.a : PowerCC26X2.oem4f (.const:resourceDB)
                  00008904    0000003c     BME280_pem4f.oem4f (.const:ti_sysbios_knl_Task_Object__PARAMS__C)
                  00008940    00000034     BME280_pem4f.oem4f (.const:ti_sysbios_knl_Mailbox_Object__PARAMS__C)
                  00008974    00000030     BME280_pem4f.oem4f (.const:ti_sysbios_family_arm_m3_Hwi_Object__PARAMS__C)
                  000089a4    0000002c     BME280_pem4f.oem4f (.const:xdc_runtime_Startup_sfxnTab__A)
                  000089d0    00000028     drivers_cc26x2.a : UARTCC26XX.oem4f (.const:UARTCC26XX_fxnTable)
                  000089f8    00000028     BME280_pem4f.oem4f (.const:ti_sysbios_heaps_HeapMem_Module__FXNS__C)
                  00008a20    00000028     BME280_pem4f.oem4f (.const:ti_sysbios_knl_Swi_Object__PARAMS__C)
                  00008a48    00000028     BME280_pem4f.oem4f (.const:ti_uia_loggers_LoggerStopMode_Object__PARAMS__C)
                  00008a70    00000028     ti_drivers_config.obj (.const:uartCC26XXHWAttrs)
                  00008a98    00000024     drivers_cc26x2.a : UART.oem4f (.const:UART_defaultParams)
                  00008abc    00000024     BME280_pem4f.oem4f (.const:ti_sysbios_gates_GateHwi_Module__FXNS__C)
                  00008ae0    00000024     BME280_pem4f.oem4f (.const:ti_sysbios_gates_GateMutex_Module__FXNS__C)
                  00008b04    00000024     BME280_pem4f.oem4f (.const:ti_sysbios_heaps_HeapMem_Object__PARAMS__C)
                  00008b28    00000024     BME280_pem4f.oem4f (.const:ti_sysbios_knl_Clock_Object__PARAMS__C)
                  00008b4c    00000024     BME280_pem4f.oem4f (.const:ti_sysbios_knl_Semaphore_Object__PARAMS__C)
                  00008b70    00000020     main.obj (.const:$P$T0$1)
                  00008b90    00000020     display.a : DisplayUart.oem4f (.const:DisplayUartMin_fxnTable)
                  00008bb0    00000020     BME280_pem4f.oem4f (.const:ti_sysbios_family_arm_m3_Hwi_Object__DESC__C)
                  00008bd0    00000020     BME280_pem4f.oem4f (.const:ti_sysbios_gates_GateHwi_Object__DESC__C)
                  00008bf0    00000020     BME280_pem4f.oem4f (.const:ti_sysbios_gates_GateMutex_Object__DESC__C)
                  00008c10    00000020     BME280_pem4f.oem4f (.const:ti_sysbios_heaps_HeapMem_Object__DESC__C)
                  00008c30    00000020     BME280_pem4f.oem4f (.const:ti_sysbios_knl_Clock_Object__DESC__C)
                  00008c50    00000020     BME280_pem4f.oem4f (.const:ti_sysbios_knl_Mailbox_Object__DESC__C)
                  00008c70    00000020     BME280_pem4f.oem4f (.const:ti_sysbios_knl_Queue_Object__DESC__C)
                  00008c90    00000020     BME280_pem4f.oem4f (.const:ti_sysbios_knl_Semaphore_Object__DESC__C)
                  00008cb0    00000020     BME280_pem4f.oem4f (.const:ti_sysbios_knl_Swi_Object__DESC__C)
                  00008cd0    00000020     BME280_pem4f.oem4f (.const:ti_sysbios_knl_Task_Object__DESC__C)
                  00008cf0    00000020     BME280_pem4f.oem4f (.const:ti_uia_loggers_LoggerStopMode_Object__DESC__C)
                  00008d10    0000001c     ti_drivers_config.obj (.const:BoardGpioInitTable)
                  00008d2c    00000018     ti_drivers_config.obj (.const:i2cCC26xxHWAttrs)
                  00008d44    00000018     drivers_cc26x2.a : GPIOCC26XX.oem4f (.const:interruptType)
                  00008d5c    00000018     BME280_pem4f.oem4f (.const:ti_sysbios_gates_GateHwi_Object__PARAMS__C)
                  00008d74    00000018     BME280_pem4f.oem4f (.const:ti_sysbios_gates_GateMutex_Object__PARAMS__C)
                  00008d8c    00000018     BME280_pem4f.oem4f (.const:ti_sysbios_knl_Queue_Object__PARAMS__C)
                  00008da4    00000018     BME280_pem4f.oem4f (.const:ti_sysbios_knl_Task_hooks__A)
                  00008dbc    00000016     BME280_pem4f.oem4f (.const:xdc_runtime_Startup_sfxnRts__A)
                  00008dd2    00000002     BME280_pem4f.oem4f (.const:ti_sysbios_family_arm_cc26xx_TimestampProvider_useClockTimer__C)
                  00008dd4    00000014     ti_drivers_config.obj (.const:$P$T1$2)
                  00008de8    00000014     ti_drivers_config.obj (.const:GPIOCC26XX_config)
                  00008dfc    00000014     ti_drivers_config.obj (.const:PowerCC26X2_config)
                  00008e10    00000014     ti_drivers_config.obj (.const:displayUartHWAttrs)
                  00008e24    00000014     drivers_cc26x2.a : UARTCC26XX.oem4f (.const:parityType)
                  00008e38    00000010                      : I2C.oem4f (.const:I2C_defaultParams)
                  00008e48    00000010                      : I2CCC26XX.oem4f (.const:I2C_defaultParams)
                  00008e58    00000010                      : UARTCC26XX.oem4f (.const:dataLength)
                  00008e68    00000010                      : GPIOCC26XX.oem4f (.const:outPinTypes)
                  00008e78    0000000c     ti_drivers_config.obj (.const:Display_config)
                  00008e84    0000000c     ti_drivers_config.obj (.const:UART_config)
                  00008e90    0000000c     drivers_cc26x2.a : GPIOCC26XX.oem4f (.const:inPinTypes)
                  00008e9c    0000000c                      : GPIOCC26XX.oem4f (.const:outPinStrengths)
                  00008ea8    0000000c     BME280_pem4f.oem4f (.const:xdc_runtime_Startup_firstFxns__A)
                  00008eb4    00000008     driverlib.lib : aux_sysif.obj (.const:$O1$$)
                  00008ebc    00000008     ti_drivers_config.obj (.const:$P$T0$1)
                  00008ec4    00000008     ti_drivers_config.obj (.const:I2C_config)
                  00008ecc    00000008     ti_drivers_config.obj (.const:PINCC26XX_hwAttrs)
                  00008ed4    00000008     drivers_cc26x2.a : UARTCC26XX.oem4f (.const:stopBits)
                  00008edc    00000008     BME280_pem4f.oem4f (.const:ti_sysbios_knl_Idle_funcList__A)
                  00008ee4    00000008     BME280_pem4f.oem4f (.const:ti_sysbios_knl_Idle_funcList__C)
                  00008eec    00000008     BME280_pem4f.oem4f (.const:ti_sysbios_knl_Task_hooks__C)
                  00008ef4    00000008     BME280_pem4f.oem4f (.const:xdc_runtime_Startup_firstFxns__C)
                  00008efc    00000008     BME280_pem4f.oem4f (.const:xdc_runtime_Startup_lastFxns__C)
                  00008f04    00000007     ti_drivers_config.obj (.const)
                  00008f0b    00000006     drivers_cc26x2.a : UARTCC26XX.oem4f (.const:.string:rxFifoBytes)
                  00008f11    00000006                      : UARTCC26XX.oem4f (.const:.string:rxFifoThreshold)
                  00008f17    00000006                      : UARTCC26XX.oem4f (.const:.string:txFifoBytes)
                  00008f1d    00000006                      : UARTCC26XX.oem4f (.const:.string:txFifoThreshold)
                  00008f23    00000001     main.obj (.const:.string:$P$T1$2)
                  00008f24    00000004     BME280_pem4f.oem4f (.const:ti_sysbios_family_arm_cc26xx_Timer_funcHookCH1__C)
                  00008f28    00000004     BME280_pem4f.oem4f (.const:ti_sysbios_family_arm_cc26xx_Timer_funcHookCH2__C)
                  00008f2c    00000004     BME280_pem4f.oem4f (.const:ti_sysbios_family_arm_cc26xx_Timer_startupNeeded__C)
                  00008f30    00000004     BME280_pem4f.oem4f (.const:ti_sysbios_family_arm_m3_Hwi_E_alreadyDefined__C)
                  00008f34    00000004     BME280_pem4f.oem4f (.const:ti_sysbios_family_arm_m3_Hwi_E_badIntNum__C)
                  00008f38    00000004     BME280_pem4f.oem4f (.const:ti_sysbios_family_arm_m3_Hwi_LD_end__C)
                  00008f3c    00000004     BME280_pem4f.oem4f (.const:ti_sysbios_family_arm_m3_Hwi_LM_begin__C)
                  00008f40    00000004     BME280_pem4f.oem4f (.const:ti_sysbios_family_arm_m3_Hwi_Module__diagsEnabled__C)
                  00008f44    00000004     BME280_pem4f.oem4f (.const:ti_sysbios_family_arm_m3_Hwi_Module__diagsIncluded__C)
                  00008f48    00000004     BME280_pem4f.oem4f (.const:ti_sysbios_family_arm_m3_Hwi_Module__diagsMask__C)
                  00008f4c    00000004     BME280_pem4f.oem4f (.const:ti_sysbios_family_arm_m3_Hwi_Module__loggerFxn1__C)
                  00008f50    00000004     BME280_pem4f.oem4f (.const:ti_sysbios_family_arm_m3_Hwi_Module__loggerFxn8__C)
                  00008f54    00000004     BME280_pem4f.oem4f (.const:ti_sysbios_family_arm_m3_Hwi_Module__loggerObj__C)
                  00008f58    00000004     BME280_pem4f.oem4f (.const:ti_sysbios_family_arm_m3_Hwi_NUM_INTERRUPTS__C)
                  00008f5c    00000004     BME280_pem4f.oem4f (.const:ti_sysbios_family_arm_m3_Hwi_Object__count__C)
                  00008f60    00000004     BME280_pem4f.oem4f (.const:ti_sysbios_family_arm_m3_Hwi_ccr__C)
                  00008f64    00000004     BME280_pem4f.oem4f (.const:ti_sysbios_family_arm_m3_Hwi_excHandlerFunc__C)
                  00008f68    00000004     BME280_pem4f.oem4f (.const:ti_sysbios_family_arm_m3_Hwi_nullIsrFunc__C)
                  00008f6c    00000004     BME280_pem4f.oem4f (.const:ti_sysbios_family_arm_m3_Hwi_priGroup__C)
                  00008f70    00000004     BME280_pem4f.oem4f (.const:ti_sysbios_family_arm_m3_TaskSupport_stackAlignment__C)
                  00008f74    00000004     BME280_pem4f.oem4f (.const:ti_sysbios_gates_GateMutex_Instance_State_sem__O)
                  00008f78    00000004     BME280_pem4f.oem4f (.const:ti_sysbios_heaps_HeapMem_E_memory__C)
                  00008f7c    00000004     BME280_pem4f.oem4f (.const:ti_sysbios_heaps_HeapMem_Module__gateObj__C)
                  00008f80    00000004     BME280_pem4f.oem4f (.const:ti_sysbios_heaps_HeapMem_Object__count__C)
                  00008f84    00000004     BME280_pem4f.oem4f (.const:ti_sysbios_heaps_HeapMem_primaryHeapBaseAddr__C)
                  00008f88    00000004     BME280_pem4f.oem4f (.const:ti_sysbios_heaps_HeapMem_primaryHeapEndAddr__C)
                  00008f8c    00000004     BME280_pem4f.oem4f (.const:ti_sysbios_heaps_HeapMem_reqAlign__C)
                  00008f90    00000004     BME280_pem4f.oem4f (.const:ti_sysbios_knl_Clock_LM_begin__C)
                  00008f94    00000004     BME280_pem4f.oem4f (.const:ti_sysbios_knl_Clock_LM_tick__C)
                  00008f98    00000004     BME280_pem4f.oem4f (.const:ti_sysbios_knl_Clock_Module_State_clockQ__O)
                  00008f9c    00000004     BME280_pem4f.oem4f (.const:ti_sysbios_knl_Clock_Module__diagsEnabled__C)
                  00008fa0    00000004     BME280_pem4f.oem4f (.const:ti_sysbios_knl_Clock_Module__diagsIncluded__C)
                  00008fa4    00000004     BME280_pem4f.oem4f (.const:ti_sysbios_knl_Clock_Module__diagsMask__C)
                  00008fa8    00000004     BME280_pem4f.oem4f (.const:ti_sysbios_knl_Clock_Module__loggerFxn1__C)
[...]
00008f24  ti_sysbios_family_arm_cc26xx_Timer_funcHookCH1__C                  
00008f28  ti_sysbios_family_arm_cc26xx_Timer_funcHookCH2__C                  
00008f2c  ti_sysbios_family_arm_cc26xx_Timer_startupNeeded__C                
00008f30  ti_sysbios_family_arm_m3_Hwi_E_alreadyDefined__C                   
00008f34  ti_sysbios_family_arm_m3_Hwi_E_badIntNum__C                        
00008f38  ti_sysbios_family_arm_m3_Hwi_LD_end__C                             
00008f3c  ti_sysbios_family_arm_m3_Hwi_LM_begin__C                           
00008f40  ti_sysbios_family_arm_m3_Hwi_Module__diagsEnabled__C               
00008f44  ti_sysbios_family_arm_m3_Hwi_Module__diagsIncluded__C              
00008f48  ti_sysbios_family_arm_m3_Hwi_Module__diagsMask__C                  
00008f4c  ti_sysbios_family_arm_m3_Hwi_Module__loggerFxn1__C                 
00008f50  ti_sysbios_family_arm_m3_Hwi_Module__loggerFxn8__C                 
00008f54  ti_sysbios_family_arm_m3_Hwi_Module__loggerObj__C                  
00008f58  ti_sysbios_family_arm_m3_Hwi_NUM_INTERRUPTS__C                     
00008f5c  ti_sysbios_family_arm_m3_Hwi_Object__count__C                      
00008f60  ti_sysbios_family_arm_m3_Hwi_ccr__C                                
00008f64  ti_sysbios_family_arm_m3_Hwi_excHandlerFunc__C                     
00008f68  ti_sysbios_family_arm_m3_Hwi_nullIsrFunc__C                        
00008f6c  ti_sysbios_family_arm_m3_Hwi_priGroup__C                           
00008f70  ti_sysbios_family_arm_m3_TaskSupport_stackAlignment__C             
00008f74  ti_sysbios_gates_GateMutex_Instance_State_sem__O                   
00008f78  ti_sysbios_heaps_HeapMem_E_memory__C                               
00008f7c  ti_sysbios_heaps_HeapMem_Module__gateObj__C                        
00008f80  ti_sysbios_heaps_HeapMem_Object__count__C                          
00008f84  ti_sysbios_heaps_HeapMem_primaryHeapBaseAddr__C                    
00008f88  ti_sysbios_heaps_HeapMem_primaryHeapEndAddr__C                     
00008f8c  ti_sysbios_heaps_HeapMem_reqAlign__C                               
00008f90  ti_sysbios_knl_Clock_LM_begin__C                                   
00008f94  ti_sysbios_knl_Clock_LM_tick__C                                    
00008f98  ti_sysbios_knl_Clock_Module_State_clockQ__O                        
00008f9c  ti_sysbios_knl_Clock_Module__diagsEnabled__C                       
00008fa0  ti_sysbios_knl_Clock_Module__diagsIncluded__C                      
00008fa4  ti_sysbios_knl_Clock_Module__diagsMask__C                          
00008fa8  ti_sysbios_knl_Clock_Module__loggerFxn1__C                         
00008fac  ti_sysbios_knl_Clock_Module__loggerFxn2__C                         
00008fb0  ti_sysbios_knl_Clock_Module__loggerObj__C                          
00008fb4  ti_sysbios_knl_Clock_tickPeriod__C                                 
00008fb8  ti_sysbios_knl_Clock_triggerClock__C                               
00008fbc  ti_sysbios_knl_Mailbox_Instance_State_dataQue__O                   
00008fc0  ti_sysbios_knl_Mailbox_Instance_State_dataSem__O                   
00008fc4  ti_sysbios_knl_Mailbox_Instance_State_freeQue__O                   
00008fc8  ti_sysbios_knl_Mailbox_Instance_State_freeSem__O                   
00008fcc  ti_sysbios_knl_Mailbox_Object__count__C                            
00008fd0  ti_sysbios_knl_Mailbox_maxTypeAlign__C                             
00008fd4  ti_sysbios_knl_Semaphore_Instance_State_pendQ__O                   
00008fd8  ti_sysbios_knl_Semaphore_LM_pend__C                                
00008fdc  ti_sysbios_knl_Semaphore_LM_post__C                                
00008fe0  ti_sysbios_knl_Semaphore_Module__diagsEnabled__C                   
00008fe4  ti_sysbios_knl_Semaphore_Module__diagsIncluded__C                  
00008fe8  ti_sysbios_knl_Semaphore_Module__diagsMask__C                      
00008fec  ti_sysbios_knl_Semaphore_Module__loggerFxn2__C                     
00008ff0  ti_sysbios_knl_Semaphore_Module__loggerFxn4__C                     
00008ff4  ti_sysbios_knl_Semaphore_Module__loggerObj__C                      
00008ff8  ti_sysbios_knl_Swi_LD_end__C                                       
00008ffc  ti_sysbios_knl_Swi_LM_begin__C                                     
00009000  ti_sysbios_knl_Swi_LM_post__C                                      
00009004  ti_sysbios_knl_Swi_Module__diagsEnabled__C                         
00009008  ti_sysbios_knl_Swi_Module__diagsIncluded__C                        
0000900c  ti_sysbios_knl_Swi_Module__diagsMask__C                            
00009010  ti_sysbios_knl_Swi_Module__loggerFxn1__C                           
00009014  ti_sysbios_knl_Swi_Module__loggerFxn4__C                           
00009018  ti_sysbios_knl_Swi_Module__loggerObj__C                            
0000901c  ti_sysbios_knl_Swi_Object__count__C                                
00009020  ti_sysbios_knl_Swi_numPriorities__C                                
00009024  ti_sysbios_knl_Task_LD_block__C                                    
00009028  ti_sysbios_knl_Task_LD_exit__C                                     
0000902c  ti_sysbios_knl_Task_LD_ready__C                                    
00009030  ti_sysbios_knl_Task_LM_switch__C                                   
00009034  ti_sysbios_knl_Task_Module_State_inactiveQ__O                      
00009038  ti_sysbios_knl_Task_Module__diagsEnabled__C                        
0000903c  ti_sysbios_knl_Task_Module__diagsIncluded__C                       
00009040  ti_sysbios_knl_Task_Module__diagsMask__C                           
00009044  ti_sysbios_knl_Task_Module__loggerFxn2__C                          
00009048  ti_sysbios_knl_Task_Module__loggerFxn4__C                          
0000904c  ti_sysbios_knl_Task_Module__loggerObj__C                           
00009050  ti_sysbios_knl_Task_Object__count__C                               
00009054  ti_sysbios_knl_Task_Object__heap__C                                
00009058  ti_sysbios_knl_Task_allBlockedFunc__C                              
0000905c  ti_sysbios_knl_Task_defaultStackHeap__C                            
00009060  ti_sysbios_knl_Task_defaultStackSize__C                            
00009064  ti_sysbios_knl_Task_numConstructedTasks__C                         
00009068  ti_sysbios_utils_Load_LS_cpuLoad__C                                
0000906c  ti_sysbios_utils_Load_LS_taskLoad__C                               
00009070  ti_sysbios_utils_Load_Module_State_taskList__O                     
00009074  ti_sysbios_utils_Load_Module__diagsEnabled__C                      
00009078  ti_sysbios_utils_Load_Module__diagsIncluded__C                     
0000907c  ti_sysbios_utils_Load_Module__diagsMask__C                         
00009080  ti_sysbios_utils_Load_Module__loggerFxn1__C                        
00009084  ti_sysbios_utils_Load_Module__loggerFxn4__C                        
00009088  ti_sysbios_utils_Load_Module__loggerObj__C                         
0000908c  ti_sysbios_utils_Load_postUpdate__C                                
00009090  ti_sysbios_utils_Load_windowInMs__C                                
00009094  ti_uia_loggers_LoggerStopMode_Module__diagsEnabled__C              
00009098  ti_uia_loggers_LoggerStopMode_Module__diagsIncluded__C             
0000909c  ti_uia_loggers_LoggerStopMode_Module__diagsMask__C                 
000090a0  ti_uia_loggers_LoggerStopMode_Object__count__C                     
000090a4  ti_uia_runtime_ILoggerSnapshot_Interface__BASE__C                  
000090a8  ti_uia_runtime_IUIATransfer_Interface__BASE__C                     
000090ac  xdc_runtime_Assert_E_assertFailed__C                               
000090b0  xdc_runtime_Error_E_memory__C                                      
000090b4  xdc_runtime_Error_policyFxn__C                                     
000090b8  xdc_runtime_IFilterLogger_Interface__BASE__C                       
000090bc  xdc_runtime_IGateProvider_Interface__BASE__C                       
000090c0  xdc_runtime_IHeap_Interface__BASE__C                               
000090c4  xdc_runtime_ILogger_Interface__BASE__C                             
000090c8  xdc_runtime_IModule_Interface__BASE__C                             
000090cc  xdc_runtime_Memory_defaultHeapInstance__C                          
000090d0  xdc_runtime_Startup_execImpl__C                                    
000090d4  xdc_runtime_Startup_maxPasses__C                                   
000090d8  xdc_runtime_Startup_sfxnRts__C                                     
000090dc  xdc_runtime_Startup_sfxnTab__C                                     
000090e0  xdc_runtime_SysMin_bufSize__C                                      
000090e4  xdc_runtime_SysMin_outputFunc__C                                   
000090e8  xdc_runtime_System_Module__gateObj__C                              
000090ec  xdc_runtime_System_abortFxn__C                                     
000090f0  xdc_runtime_System_exitFxn__C                                      
000090f4  xdc_runtime_System_extendFxn__C                                    
000090f8  xdc_runtime_System_maxAtexitHandlers__C                            
000090fc  xdc_runtime_Text_charTab__C                                        
00009100  xdc_runtime_Text_visitRopeFxn__C                                   
00009104  ti_sysbios_family_arm_m3_Hwi_Module__id__C                         
00009106  ti_sysbios_family_arm_m3_Hwi_Module__loggerDefined__C              
00009108  ti_sysbios_heaps_HeapMem_Module__id__C                             
0000910a  ti_sysbios_knl_Clock_Module__id__C                                 
0000910c  ti_sysbios_knl_Clock_Module__loggerDefined__C                      
0000910e  ti_sysbios_knl_Semaphore_Module__id__C                             
00009110  ti_sysbios_knl_Semaphore_Module__loggerDefined__C                  
00009112  ti_sysbios_knl_Swi_Module__id__C                                   
00009114  ti_sysbios_knl_Swi_Module__loggerDefined__C                        
00009116  ti_sysbios_knl_Task_Module__id__C                                  
00009118  ti_sysbios_knl_Task_Module__loggerDefined__C                       
0000911a  ti_sysbios_utils_Load_Module__id__C                                
0000911c  ti_sysbios_utils_Load_Module__loggerDefined__C                     
0000911e  ti_sysbios_utils_Load_autoAddTasks__C                              
00009120  ti_sysbios_utils_Load_updateInIdle__C                              
00009122  ti_uia_loggers_LoggerStopMode_Module__id__C                        
00009124  ti_uia_loggers_LoggerStopMode_isTimestampEnabled__C                
00009126  xdc_runtime_Memory_Module__id__C                                   
00009128  xdc_runtime_SysMin_flushAtExit__C                                  
0000912a  xdc_runtime_Text_isLoaded__C                                       
0000912c  xdc_runtime_Text_registryModsLastId__C                             
0000912e  xdc_runtime_Text_unnamedModsLastId__C                              
00009130  Display_defaultParams                                              
00009131  xdc_runtime_Error_policy__C                                        
00009132  xdc_runtime_Text_charTab__A                                        
00009318  __TI_Handler_Table_Base                                            
00009324  __TI_Handler_Table_Limit                                           
00009330  __TI_CINIT_Base                                                    
00009340  __TI_CINIT_Limit                                                   
00057fa8  __ccfg                                                             
20000000  __start___llvm_prf_cnts                                            
20000000  __stop___llvm_prf_cnts                                             
20000000  ti_sysbios_family_arm_m3_Hwi_ramVectors                            
200000d8  __primary_heap_start__                                             
200040d8  __primary_heap_end__                                               
20004500  ti_uia_loggers_LoggerStopMode_Instance_State_1_packetArray__A      
20004900  ti_uia_loggers_LoggerStopMode_Instance_State_2_packetArray__A      
20004d00  ti_sysbios_knl_Task_Instance_State_0_stack__A                      
20004f00  ti_uia_loggers_LoggerStopMode_Instance_State_0_packetArray__A      
20005100  xdc_runtime_SysMin_Module_State_0_outbuf__A                        
20005300  uartCC26XXObjects                                                  
200054bc  i2cCC26xxObjects                                                   
20005608  __CIOBUF_                                                          
20005728  ti_sysbios_family_arm_m3_Hwi_dispatchTable                         
20005800  pinHandleTable                                                     
20005908  taskParams                                                         
20005944  mbParams                                                           
20005980  ti_uia_loggers_LoggerStopMode_Instance_State_0_hdr__A              
200059b0  clkTriggerStruct                                                   
20005a00  ti_uia_loggers_LoggerStopMode_Instance_State_1_hdr__A              
20005a70  displayUartObject                                                  
20005a80  ti_uia_loggers_LoggerStopMode_Instance_State_2_hdr__A              
20005acc  calibData                                                          
20005ae4  parmbuf                                                            
20005aec  PowerCC26XX_swiKey                                                 
20005af0  PowerCC26XX_taskKey                                                
20005af4  data_mb                                                            
20005af8  semTrigger                                                         
20005afc  taskReadData                                                       
20005b00  taskprint                                                          
20005b04  ti_sysbios_knl_Task_Instance_State_0_hookEnv__A                    
20005b08  disparams                                                          
20005b09  driverlib_release_0_60278                                          
20005b10  PowerCC26X2_module                                                 
20005c80  ti_uia_loggers_LoggerStopMode_Object__table__V                     
20005d1c  ti_sysbios_utils_Load_Module__state__V                             
20005db4  ti_sysbios_knl_Task_Object__table__V                               
20005e04  configData                                                         
20005e08  ti_sysbios_family_arm_cc26xx_Timer_Object__table__V                
20005e50  ti_sysbios_knl_Task_Module__state__V                               
20005e94  ti_sysbios_gates_GateMutex_Object__table__V                        
20005ecc  ti_sysbios_family_arm_m3_Hwi_Module__state__V                      
20005f00  ti_sysbios_knl_Swi_Module_State_0_readyQ__A                        
20005f30  ti_sysbios_knl_Swi_Object__table__V                                
20005f60  ti_sysbios_knl_Clock_Module__state__V                              
20005f8c  _hposcCoeffs                                                       
20005fb0  ti_sysbios_BIOS_Module__state__V                                   
20005fd4  ti_sysbios_knl_Clock_Object__table__V                              
20005ff4  ti_sysbios_knl_Task_Module_State_0_readyQ__A                       
20006014  xdc_runtime_Error_IgnoreBlock                                      
20006034  ti_sysbios_knl_Swi_Module__state__V                                
20006050  ti_sysbios_utils_Load_Module_State_0_taskEnv__A                    
2000606c  ti_sysbios_family_arm_m3_Hwi_Object__table__V                      
20006084  ti_sysbios_heaps_HeapMem_Object__table__V                          
2000609c  ti_sysbios_knl_Task_Module__root__V                                
200060a8  ti_uia_runtime_QueueDescriptor_Module__state__V                    
200060b4  xdc_runtime_SysMin_Module__state__V                                
200060c0  _lock                                                              
200060c4  _unlock                                                            
200060c8  pinUpperBound                                                      
200060cc  pinLowerBound                                                      
200060d0  gpioCallbackFunctions                                              
200060d8  gpioPinConfigs                                                     
200060e0  ti_uia_runtime_QueueDescriptor_gPtrToFirstDescriptor               
200060e4  ti_uia_runtime_QueueDescriptor_gUpdateCount                        
200060e8  ti_sysbios_family_arm_cc26xx_Timer_Module__state__V                
200060f0  ti_sysbios_family_arm_m3_Hwi_Module__root__V                       
200060f8  ti_sysbios_gates_GateHwi_Module__root__V                           
20006100  ti_sysbios_gates_GateMutex_Module__root__V                         
20006108  ti_sysbios_heaps_HeapMem_Module__root__V                           
20006110  ti_sysbios_knl_Clock_Module__root__V                               
20006118  ti_sysbios_knl_Mailbox_Module__root__V                             
20006120  ti_sysbios_knl_Queue_Module__root__V                               
20006128  ti_sysbios_knl_Semaphore_Module__root__V                           
20006130  ti_sysbios_knl_Swi_Module__root__V                                 
20006138  ti_uia_loggers_LoggerStopMode_Module__root__V                      
20006140  xdc_runtime_Registry_Module__state__V                              
20006148  xdc_runtime_Startup_Module__state__V                               
20006150  xdc_runtime_System_Module_State_0_atexitHandlers__A                
20006158  xdc_runtime_System_Module__state__V                                
20006165  calibAdd_DIGH1                                                     
20006166  ti_sysbios_family_arm_m3_Hwi_Module_State_0_excActive__A           
2000616c  main_func_sp                                                       
20006170  ti_sysbios_family_arm_cc26xx_TimestampProvider_Module__state__V    
20006174  ti_sysbios_family_arm_m3_Hwi_Module_State_0_excContext__A          
20006178  ti_sysbios_family_arm_m3_Hwi_Module_State_0_excStack__A            
2000617c  ti_sysbios_gates_GateHwi_Object__table__V                          
20006180  ti_sysbios_knl_Task_Module_State_0_idleTask__A                     
20006184  ti_sysbios_utils_Load_Module_State_0_runningTask__A                
20006188  ti_sysbios_utils_Load_Module_State_0_taskStartTime__A              
2000618c  xdc_runtime_Memory_Module__state__V                                
20006190  calibAdd_H                                                         
20006191  calibAdd_T_P                                                       
20013c00  __stack                                                            
20014000  __STACK_END                                                        
e000e000  ti_sysbios_family_arm_m3_Hwi_nvic                                  
ffffffff  __TI_pprof_out_hndl                                                
ffffffff  __TI_prof_data_size                                                
ffffffff  __TI_prof_data_start                                               
ffffffff  __binit__                                                          
ffffffff  __c_args__                                                         
ffffffff  binit                                                              
UNDEFED   ITM_flush                                                          
UNDEFED   ITM_restore                                                        
UNDEFED   SHT$$INIT_ARRAY$$Base                                              
UNDEFED   SHT$$INIT_ARRAY$$Limit                                             

[854 symbols]
